Archive member included to satisfy reference by file (symbol)

/home/niklas/gcc-arm-none-eabi-5_4-2016q3/bin/../lib/gcc/arm-none-eabi/5.4.1/../../../../arm-none-eabi/lib/armv7-m/libc_nano.a(lib_a-exit.o)
                              /home/niklas/gcc-arm-none-eabi-5_4-2016q3/bin/../lib/gcc/arm-none-eabi/5.4.1/../../../../arm-none-eabi/lib/armv7-m/crt0.o (exit)
/home/niklas/gcc-arm-none-eabi-5_4-2016q3/bin/../lib/gcc/arm-none-eabi/5.4.1/../../../../arm-none-eabi/lib/armv7-m/libc_nano.a(lib_a-impure.o)
                              /home/niklas/gcc-arm-none-eabi-5_4-2016q3/bin/../lib/gcc/arm-none-eabi/5.4.1/../../../../arm-none-eabi/lib/armv7-m/libc_nano.a(lib_a-exit.o) (_global_impure_ptr)
/home/niklas/gcc-arm-none-eabi-5_4-2016q3/bin/../lib/gcc/arm-none-eabi/5.4.1/../../../../arm-none-eabi/lib/armv7-m/libc_nano.a(lib_a-init.o)
                              /home/niklas/gcc-arm-none-eabi-5_4-2016q3/bin/../lib/gcc/arm-none-eabi/5.4.1/../../../../arm-none-eabi/lib/armv7-m/crt0.o (__libc_init_array)
/home/niklas/gcc-arm-none-eabi-5_4-2016q3/bin/../lib/gcc/arm-none-eabi/5.4.1/../../../../arm-none-eabi/lib/armv7-m/libc_nano.a(lib_a-memset.o)
                              /home/niklas/gcc-arm-none-eabi-5_4-2016q3/bin/../lib/gcc/arm-none-eabi/5.4.1/../../../../arm-none-eabi/lib/armv7-m/crt0.o (memset)
/home/niklas/gcc-arm-none-eabi-5_4-2016q3/bin/../lib/gcc/arm-none-eabi/5.4.1/../../../../arm-none-eabi/lib/armv7-m/libc_nano.a(lib_a-strlen.o)
                              build/uart.o (strlen)
/home/niklas/gcc-arm-none-eabi-5_4-2016q3/bin/../lib/gcc/arm-none-eabi/5.4.1/../../../../arm-none-eabi/lib/armv7-m/libnosys.a(_exit.o)
                              /home/niklas/gcc-arm-none-eabi-5_4-2016q3/bin/../lib/gcc/arm-none-eabi/5.4.1/../../../../arm-none-eabi/lib/armv7-m/libc_nano.a(lib_a-exit.o) (_exit)
/home/niklas/gcc-arm-none-eabi-5_4-2016q3/bin/../lib/gcc/arm-none-eabi/5.4.1/armv7-m/libgcc.a(_arm_addsubdf3.o)
                              build/application.o (__aeabi_dsub)
/home/niklas/gcc-arm-none-eabi-5_4-2016q3/bin/../lib/gcc/arm-none-eabi/5.4.1/armv7-m/libgcc.a(_arm_muldivdf3.o)
                              build/ADC_L.o (__aeabi_dmul)
/home/niklas/gcc-arm-none-eabi-5_4-2016q3/bin/../lib/gcc/arm-none-eabi/5.4.1/armv7-m/libgcc.a(_arm_cmpdf2.o)
                              build/main.o (__aeabi_dcmplt)
/home/niklas/gcc-arm-none-eabi-5_4-2016q3/bin/../lib/gcc/arm-none-eabi/5.4.1/armv7-m/libgcc.a(_arm_fixdfsi.o)
                              build/application.o (__aeabi_d2iz)
/home/niklas/gcc-arm-none-eabi-5_4-2016q3/bin/../lib/gcc/arm-none-eabi/5.4.1/armv7-m/libgcc.a(_arm_fixunsdfsi.o)
                              build/application.o (__aeabi_d2uiz)
/home/niklas/gcc-arm-none-eabi-5_4-2016q3/bin/../lib/gcc/arm-none-eabi/5.4.1/armv7-m/libgcc.a(_arm_truncdfsf2.o)
                              build/ADC_L.o (__aeabi_d2f)
/home/niklas/gcc-arm-none-eabi-5_4-2016q3/bin/../lib/gcc/arm-none-eabi/5.4.1/armv7-m/libgcc.a(_arm_addsubsf3.o)
                              build/pid.o (__aeabi_fsub)
/home/niklas/gcc-arm-none-eabi-5_4-2016q3/bin/../lib/gcc/arm-none-eabi/5.4.1/armv7-m/libgcc.a(_arm_muldivsf3.o)
                              build/pid.o (__aeabi_fmul)
/home/niklas/gcc-arm-none-eabi-5_4-2016q3/bin/../lib/gcc/arm-none-eabi/5.4.1/armv7-m/libgcc.a(_arm_cmpsf2.o)
                              build/pid.o (__aeabi_fcmplt)
/home/niklas/gcc-arm-none-eabi-5_4-2016q3/bin/../lib/gcc/arm-none-eabi/5.4.1/armv7-m/libgcc.a(_arm_fixsfsi.o)
                              build/pid.o (__aeabi_f2iz)
/home/niklas/gcc-arm-none-eabi-5_4-2016q3/bin/../lib/gcc/arm-none-eabi/5.4.1/armv7-m/libgcc.a(_arm_fixunssfsi.o)
                              build/main.o (__aeabi_f2uiz)

Allocating common symbols
Common symbol       size              file

uartDati            0x7b              build/uart.o
adc_Ldati           0x8               build/ADC_L.o
pid_L_Dati          0x1c              build/pid.o
lcd                 0x8c              build/main.o
wii_JOYdati         0x14              build/i2c.o
htim8               0x3c              build/motor_L.o
motorR              0x10              build/motor_R.o
hdma_usart3_rx      0x38              build/uart.o
huart3              0x40              build/uart.o
counterTemp         0x4               build/main.o
hiwdg               0x10              build/main.o
hi2c2               0x3c              build/i2c.o
Tim3PID             0x3c              build/pid.o
pid_R_              0x8               build/pid.o
motorL              0x10              build/motor_L.o
telemetry           0x1c              build/telemetry.o
hdma_adc3           0x38              build/ADC_L.o
hdma_usart3_tx      0x38              build/uart.o
pFlash              0x20              build/stm32f1xx_hal_flash.o
leftToTransfer      0x4               build/telemetry.o
hdma_i2c2_rx        0x38              build/i2c.o
battery_dati        0x14              build/application.o
hdma_i2c2_tx        0x38              build/i2c.o
[...]
Memory Configuration

Name             Origin             Length             Attributes
RAM              0x20000000         0x0000c000         xrw
FLASH            0x08000000         0x00040000         xr
*default*        0x00000000         0xffffffff

Linker script and memory map

LOAD /home/niklas/gcc-arm-none-eabi-5_4-2016q3/bin/../lib/gcc/arm-none-eabi/5.4.1/armv7-m/crti.o
LOAD /home/niklas/gcc-arm-none-eabi-5_4-2016q3/bin/../lib/gcc/arm-none-eabi/5.4.1/armv7-m/crtbegin.o
LOAD /home/niklas/gcc-arm-none-eabi-5_4-2016q3/bin/../lib/gcc/arm-none-eabi/5.4.1/../../../../arm-none-eabi/lib/armv7-m/crt0.o
LOAD build/stm32f1xx_hal_adc.o
LOAD build/stm32f1xx_hal_tim_ex.o
LOAD build/stm32f1xx_hal_cortex.o
LOAD build/stm32f1xx_hal_gpio.o
LOAD build/system_stm32f1xx.o
LOAD build/stm32f1xx_hal_tim.o
LOAD build/stm32f1xx_hal_adc_ex.o
LOAD build/stm32f1xx_it.o
LOAD build/stm32f1xx_hal_rcc.o
LOAD build/stm32f1xx_hal_dma.o
LOAD build/stm32f1xx_hal_uart.o
LOAD build/stm32f1xx_hal.o
LOAD build/stm32f1xx_hal_pwr.o
LOAD build/stm32f1xx_hal_i2c.o
LOAD build/stm32f1xx_hal_rcc_ex.o
LOAD build/stm32f1xx_hal_gpio_ex.o
LOAD build/stm32f1xx_hal_flash_ex.o
LOAD build/stm32f1xx_hal_flash.o
LOAD build/stm32f1xx_hal_iwdg.o
LOAD build/ADC_L.o
LOAD build/ADC_R.o
LOAD build/pid.o
LOAD build/motor_L.o
LOAD build/motor_R.o
LOAD build/uart.o
LOAD build/varie.o
LOAD build/telemetry.o
LOAD build/i2c.o
LOAD build/delay.o
LOAD build/application.o
LOAD build/main.o
LOAD build/stm32f1xx_hal_msp.o
LOAD build/hd44780.o
LOAD build/eeprom.o
LOAD build/pcf8574.o
LOAD build/startup_stm32f103xe.o
LOAD /home/niklas/gcc-arm-none-eabi-5_4-2016q3/bin/../lib/gcc/arm-none-eabi/5.4.1/../../../../arm-none-eabi/lib/armv7-m/libc_nano.a
LOAD /home/niklas/gcc-arm-none-eabi-5_4-2016q3/bin/../lib/gcc/arm-none-eabi/5.4.1/../../../../arm-none-eabi/lib/armv7-m/libm.a
LOAD /home/niklas/gcc-arm-none-eabi-5_4-2016q3/bin/../lib/gcc/arm-none-eabi/5.4.1/../../../../arm-none-eabi/lib/armv7-m/libnosys.a
START GROUP
LOAD /home/niklas/gcc-arm-none-eabi-5_4-2016q3/bin/../lib/gcc/arm-none-eabi/5.4.1/armv7-m/libgcc.a
LOAD /home/niklas/gcc-arm-none-eabi-5_4-2016q3/bin/../lib/gcc/arm-none-eabi/5.4.1/../../../../arm-none-eabi/lib/armv7-m/libc_nano.a
END GROUP
START GROUP
LOAD /home/niklas/gcc-arm-none-eabi-5_4-2016q3/bin/../lib/gcc/arm-none-eabi/5.4.1/armv7-m/libgcc.a
LOAD /home/niklas/gcc-arm-none-eabi-5_4-2016q3/bin/../lib/gcc/arm-none-eabi/5.4.1/../../../../arm-none-eabi/lib/armv7-m/libc_nano.a
END GROUP
LOAD /home/niklas/gcc-arm-none-eabi-5_4-2016q3/bin/../lib/gcc/arm-none-eabi/5.4.1/armv7-m/crtend.o
LOAD /home/niklas/gcc-arm-none-eabi-5_4-2016q3/bin/../lib/gcc/arm-none-eabi/5.4.1/armv7-m/crtn.o
                0x2000c000                _estack = 0x2000c000
                0x00000200                _Min_Heap_Size = 0x200
                0x00000400                _Min_Stack_Size = 0x400

.isr_vector     0x08000000      0x1e4
                0x08000000                . = ALIGN (0x4)
 *(.isr_vector)
 .isr_vector    0x08000000      0x1e4 build/startup_stm32f103xe.o
                0x08000000                g_pfnVectors
                0x080001e4                . = ALIGN (0x4)

.text           0x080001e8     0x6f00
                0x080001e8                . = ALIGN (0x4)
 *(.text)
 .text          0x080001e8       0x5c /home/niklas/gcc-arm-none-eabi-5_4-2016q3/bin/../lib/gcc/arm-none-eabi/5.4.1/armv7-m/crtbegin.o
 .text          0x08000244      0x370 /home/niklas/gcc-arm-none-eabi-5_4-2016q3/bin/../lib/gcc/arm-none-eabi/5.4.1/armv7-m/libgcc.a(_arm_addsubdf3.o)
                0x08000244                __aeabi_drsub
                0x0800024c                __aeabi_dsub
                0x0800024c                __subdf3
                0x08000250                __adddf3
                0x08000250                __aeabi_dadd
                0x080004c8                __aeabi_ui2d
                0x080004c8                __floatunsidf
                0x080004e8                __floatsidf
                0x080004e8                __aeabi_i2d
                0x0800050c                __extendsfdf2
                0x0800050c                __aeabi_f2d
                0x08000548                __aeabi_ul2d
                0x08000548                __floatundidf
                0x08000558                __floatdidf
                0x08000558                __aeabi_l2d
 .text          0x080005b4      0x424 /home/niklas/gcc-arm-none-eabi-5_4-2016q3/bin/../lib/gcc/arm-none-eabi/5.4.1/armv7-m/libgcc.a(_arm_muldivdf3.o)
                0x080005b4                __aeabi_dmul
                0x080005b4                __muldf3
                0x08000808                __aeabi_ddiv
                0x08000808                __divdf3
 .text          0x080009d8      0x110 /home/niklas/gcc-arm-none-eabi-5_4-2016q3/bin/../lib/gcc/arm-none-eabi/5.4.1/armv7-m/libgcc.a(_arm_cmpdf2.o)
                0x080009d8                __gtdf2
                0x080009d8                __gedf2
                0x080009e0                __ltdf2
                0x080009e0                __ledf2
                0x080009e8                __cmpdf2
                0x080009e8                __eqdf2
                0x080009e8                __nedf2
                0x08000a64                __aeabi_cdrcmple
                0x08000a74                __aeabi_cdcmple
                0x08000a74                __aeabi_cdcmpeq
                0x08000a84                __aeabi_dcmpeq
                0x08000a98                __aeabi_dcmplt
                0x08000aac                __aeabi_dcmple
                0x08000ac0                __aeabi_dcmpge
                0x08000ad4                __aeabi_dcmpgt
 .text          0x08000ae8       0x50 /home/niklas/gcc-arm-none-eabi-5_4-2016q3/bin/../lib/gcc/arm-none-eabi/5.4.1/armv7-m/libgcc.a(_arm_fixdfsi.o)
                0x08000ae8                __fixdfsi
                0x08000ae8                __aeabi_d2iz
 .text          0x08000b38       0x40 /home/niklas/gcc-arm-none-eabi-5_4-2016q3/bin/../lib/gcc/arm-none-eabi/5.4.1/armv7-m/libgcc.a(_arm_fixunsdfsi.o)
                0x08000b38                __fixunsdfsi
                0x08000b38                __aeabi_d2uiz
 .text          0x08000b78       0xa0 /home/niklas/gcc-arm-none-eabi-5_4-2016q3/bin/../lib/gcc/arm-none-eabi/5.4.1/armv7-m/libgcc.a(_arm_truncdfsf2.o)
                0x08000b78                __aeabi_d2f
                0x08000b78                __truncdfsf2
 .text          0x08000c18      0x21c /home/niklas/gcc-arm-none-eabi-5_4-2016q3/bin/../lib/gcc/arm-none-eabi/5.4.1/armv7-m/libgcc.a(_arm_addsubsf3.o)
                0x08000c18                __aeabi_frsub
                0x08000c20                __subsf3
                0x08000c20                __aeabi_fsub
                0x08000c24                __aeabi_fadd
                0x08000c24                __addsf3
                0x08000d84                __aeabi_ui2f
                0x08000d84                __floatunsisf
                0x08000d8c                __aeabi_i2f
                0x08000d8c                __floatsisf
                0x08000da8                __floatundisf
                0x08000da8                __aeabi_ul2f
                0x08000db8                __floatdisf
                0x08000db8                __aeabi_l2f
 .text          0x08000e34      0x2a0 /home/niklas/gcc-arm-none-eabi-5_4-2016q3/bin/../lib/gcc/arm-none-eabi/5.4.1/armv7-m/libgcc.a(_arm_muldivsf3.o)
                0x08000e34                __mulsf3
                0x08000e34                __aeabi_fmul
                0x08000f9c                __divsf3
                0x08000f9c                __aeabi_fdiv
 .text          0x080010d4       0xec /home/niklas/gcc-arm-none-eabi-5_4-2016q3/bin/../lib/gcc/arm-none-eabi/5.4.1/armv7-m/libgcc.a(_arm_cmpsf2.o)
                0x080010d4                __gtsf2
                0x080010d4                __gesf2
                0x080010dc                __lesf2
                0x080010dc                __ltsf2
                0x080010e4                __nesf2
                0x080010e4                __eqsf2
                0x080010e4                __cmpsf2
                0x08001144                __aeabi_cfrcmple
                0x0800114c                __aeabi_cfcmple
                0x0800114c                __aeabi_cfcmpeq
                0x0800115c                __aeabi_fcmpeq
                0x08001170                __aeabi_fcmplt
                0x08001184                __aeabi_fcmple
                0x08001198                __aeabi_fcmpge
                0x080011ac                __aeabi_fcmpgt
 .text          0x080011c0       0x4c /home/niklas/gcc-arm-none-eabi-5_4-2016q3/bin/../lib/gcc/arm-none-eabi/5.4.1/armv7-m/libgcc.a(_arm_fixsfsi.o)
                0x080011c0                __fixsfsi
                0x080011c0                __aeabi_f2iz
 .text          0x0800120c       0x40 /home/niklas/gcc-arm-none-eabi-5_4-2016q3/bin/../lib/gcc/arm-none-eabi/5.4.1/armv7-m/libgcc.a(_arm_fixunssfsi.o)
                0x0800120c                __aeabi_f2uiz
                0x0800120c                __fixunssfsi
 *(.text*)
 .text.ADC_DMAConvCplt
                0x0800124c       0x50 build/stm32f1xx_hal_adc.o
                0x0800124c                ADC_DMAConvCplt
 .text.HAL_ADC_ConvHalfCpltCallback
                0x0800129c        0x4 build/stm32f1xx_hal_adc.o
                0x0800129c                HAL_ADC_ConvHalfCpltCallback
 .text.ADC_DMAHalfConvCplt
                0x080012a0        0xc build/stm32f1xx_hal_adc.o
                0x080012a0                ADC_DMAHalfConvCplt
 .text.HAL_ADC_ErrorCallback
                0x080012ac        0x4 build/stm32f1xx_hal_adc.o
                0x080012ac                HAL_ADC_ErrorCallback
 .text.ADC_DMAError
                0x080012b0       0x1c build/stm32f1xx_hal_adc.o
                0x080012b0                ADC_DMAError
 .text.HAL_ADC_ConfigChannel
                0x080012cc      0x1b4 build/stm32f1xx_hal_adc.o
                0x080012cc                HAL_ADC_ConfigChannel
 .text.ADC_Enable
                0x08001480       0x80 build/stm32f1xx_hal_adc.o
                0x08001480                ADC_Enable
 .text.HAL_ADC_Start
                0x08001500       0xf8 build/stm32f1xx_hal_adc.o
                0x08001500                HAL_ADC_Start
 .text.HAL_ADC_Start_DMA
                0x080015f8      0x144 build/stm32f1xx_hal_adc.o
                0x080015f8                HAL_ADC_Start_DMA
 .text.ADC_ConversionStop_Disable
                0x0800173c       0x50 build/stm32f1xx_hal_adc.o
                0x0800173c                ADC_ConversionStop_Disable
 .text.HAL_ADC_Init
                0x0800178c      0x150 build/stm32f1xx_hal_adc.o
                0x0800178c                HAL_ADC_Init
 .text.HAL_TIMEx_ConfigBreakDeadTime
                0x080018dc       0x4c build/stm32f1xx_hal_tim_ex.o
                0x080018dc                HAL_TIMEx_ConfigBreakDeadTime
 .text.HAL_NVIC_SetPriorityGrouping
                0x08001928       0x24 build/stm32f1xx_hal_cortex.o
                0x08001928                HAL_NVIC_SetPriorityGrouping
 .text.HAL_NVIC_SetPriority
                0x0800194c       0x64 build/stm32f1xx_hal_cortex.o
                0x0800194c                HAL_NVIC_SetPriority
 .text.HAL_NVIC_EnableIRQ
                0x080019b0       0x18 build/stm32f1xx_hal_cortex.o
                0x080019b0                HAL_NVIC_EnableIRQ
 .text.HAL_NVIC_DisableIRQ
                0x080019c8       0x1c build/stm32f1xx_hal_cortex.o
                0x080019c8                HAL_NVIC_DisableIRQ
 .text.HAL_SYSTICK_Config
                0x080019e4       0x2c build/stm32f1xx_hal_cortex.o
                0x080019e4                HAL_SYSTICK_Config
 .text.HAL_SYSTICK_CLKSourceConfig
                0x08001a10       0x20 build/stm32f1xx_hal_cortex.o
                0x08001a10                HAL_SYSTICK_CLKSourceConfig
 .text.HAL_SYSTICK_Callback
                0x08001a30        0x4 build/stm32f1xx_hal_cortex.o
                0x08001a30                HAL_SYSTICK_Callback
 .text.HAL_SYSTICK_IRQHandler
                0x08001a34        0x8 build/stm32f1xx_hal_cortex.o
                0x08001a34                HAL_SYSTICK_IRQHandler
 .text.HAL_GPIO_Init
                0x08001a3c      0x1ec build/stm32f1xx_hal_gpio.o
                0x08001a3c                HAL_GPIO_Init
 .text.HAL_GPIO_ReadPin
                0x08001c28       0x10 build/stm32f1xx_hal_gpio.o
                0x08001c28                HAL_GPIO_ReadPin
 .text.HAL_GPIO_WritePin
                0x08001c38        0xc build/stm32f1xx_hal_gpio.o
                0x08001c38                HAL_GPIO_WritePin
 .text.SystemInit
                0x08001c44       0x4c build/system_stm32f1xx.o
                0x08001c44                SystemInit
 .text.TIM_OC1_SetConfig
                0x08001c90       0x68 build/stm32f1xx_hal_tim.o
 .text.TIM_OC3_SetConfig
                0x08001cf8       0x70 build/stm32f1xx_hal_tim.o
 .text.TIM_OC4_SetConfig
                0x08001d68       0x50 build/stm32f1xx_hal_tim.o
 .text.HAL_TIM_Base_MspInit
                0x08001db8        0x4 build/stm32f1xx_hal_tim.o
                0x08001db8                HAL_TIM_Base_MspInit
 .text.HAL_TIM_Base_Start
                0x08001dbc       0x1c build/stm32f1xx_hal_tim.o
                0x08001dbc                HAL_TIM_Base_Start
 .text.HAL_TIM_Base_Stop
                0x08001dd8       0x30 build/stm32f1xx_hal_tim.o
                0x08001dd8                HAL_TIM_Base_Stop
 .text.HAL_TIM_PWM_MspInit
                0x08001e08        0x4 build/stm32f1xx_hal_tim.o
                0x08001e08                HAL_TIM_PWM_MspInit
 .text.TIM_Base_SetConfig
                0x08001e0c       0x90 build/stm32f1xx_hal_tim.o
                0x08001e0c                TIM_Base_SetConfig
 .text.HAL_TIM_Base_Init
                0x08001e9c       0x38 build/stm32f1xx_hal_tim.o
                0x08001e9c                HAL_TIM_Base_Init
 .text.HAL_TIM_PWM_Init
                0x08001ed4       0x38 build/stm32f1xx_hal_tim.o
                0x08001ed4                HAL_TIM_PWM_Init
 .text.TIM_OC2_SetConfig
                0x08001f0c       0x70 build/stm32f1xx_hal_tim.o
                0x08001f0c                TIM_OC2_SetConfig
 .text.HAL_TIM_PWM_ConfigChannel
                0x08001f7c       0xdc build/stm32f1xx_hal_tim.o
                0x08001f7c                HAL_TIM_PWM_ConfigChannel
 .text.TIM_CCxChannelCmd
                0x08002058       0x1c build/stm32f1xx_hal_tim.o
                0x08002058                TIM_CCxChannelCmd
 .text.HAL_TIM_PWM_Start
                0x08002074       0x44 build/stm32f1xx_hal_tim.o
                0x08002074                HAL_TIM_PWM_Start
 .text.HAL_TIM_PWM_Start_IT
                0x080020b8       0x88 build/stm32f1xx_hal_tim.o
                0x080020b8                HAL_TIM_PWM_Start_IT
 .text.NMI_Handler
                0x08002140        0x8 build/stm32f1xx_it.o
                0x08002140                NMI_Handler
 .text.HardFault_Handler
                0x08002148        0xc build/stm32f1xx_it.o
                0x08002148                HardFault_Handler
 .text.MemManage_Handler
                0x08002154        0xc build/stm32f1xx_it.o
                0x08002154                MemManage_Handler
 .text.BusFault_Handler
                0x08002160        0xc build/stm32f1xx_it.o
                0x08002160                BusFault_Handler
 .text.UsageFault_Handler
                0x0800216c        0xc build/stm32f1xx_it.o
                0x0800216c                UsageFault_Handler
 .text.SVC_Handler
                0x08002178        0x8 build/stm32f1xx_it.o
                0x08002178                SVC_Handler
 .text.DebugMon_Handler
                0x08002180        0x4 build/stm32f1xx_it.o
                0x08002180                DebugMon_Handler
 .text.PendSV_Handler
                0x08002184        0x8 build/stm32f1xx_it.o
                0x08002184                PendSV_Handler
 .text.SysTick_Handler
                0x0800218c        0xc build/stm32f1xx_it.o
                0x0800218c                SysTick_Handler
 .text.I2C1_EV_IRQHandler
                0x08002198       0x10 build/stm32f1xx_it.o
                0x08002198                I2C1_EV_IRQHandler
 .text.I2C1_ER_IRQHandler
                0x080021a8       0x10 build/stm32f1xx_it.o
                0x080021a8                I2C1_ER_IRQHandler
 .text.DMA1_Channel3_IRQHandler
                0x080021b8       0x10 build/stm32f1xx_it.o
                0x080021b8                DMA1_Channel3_IRQHandler
 .text.DMA1_Channel2_IRQHandler
                0x080021c8       0x10 build/stm32f1xx_it.o
                0x080021c8                DMA1_Channel2_IRQHandler
 .text.I2C2_ER_IRQHandler
                0x080021d8       0x10 build/stm32f1xx_it.o
                0x080021d8                I2C2_ER_IRQHandler
 .text.EXTI15_10_IRQHandler
                0x080021e8       0x40 build/stm32f1xx_it.o
                0x080021e8                EXTI15_10_IRQHandler
 .text.EXTI9_5_IRQHandler
                0x08002228       0x38 build/stm32f1xx_it.o
                0x08002228                EXTI9_5_IRQHandler
 .text.TIM1_CC_IRQHandler
                0x08002260       0x34 build/stm32f1xx_it.o
                0x08002260                TIM1_CC_IRQHandler
 .text.TIM8_CC_IRQHandler
                0x08002294       0x34 build/stm32f1xx_it.o
                0x08002294                TIM8_CC_IRQHandler
 .text.DMA1_Channel1_IRQHandler
                0x080022c8       0x10 build/stm32f1xx_it.o
                0x080022c8                DMA1_Channel1_IRQHandler
 .text.DMA2_Channel4_5_IRQHandler
                0x080022d8       0x10 build/stm32f1xx_it.o
                0x080022d8                DMA2_Channel4_5_IRQHandler
 .text.TIM3_IRQHandler
                0x080022e8       0x10 build/stm32f1xx_it.o
                0x080022e8                TIM3_IRQHandler
 .text.HAL_RCC_OscConfig
                0x080022f8      0x5ec build/stm32f1xx_hal_rcc.o
                0x080022f8                HAL_RCC_OscConfig
 .text.HAL_RCC_GetSysClockFreq
                0x080028e4       0x94 build/stm32f1xx_hal_rcc.o
                0x080028e4                HAL_RCC_GetSysClockFreq
 .text.HAL_RCC_ClockConfig
                0x08002978      0x1e4 build/stm32f1xx_hal_rcc.o
                0x08002978                HAL_RCC_ClockConfig
 .text.HAL_RCC_GetHCLKFreq
                0x08002b5c        0xc build/stm32f1xx_hal_rcc.o
                0x08002b5c                HAL_RCC_GetHCLKFreq
 .text.HAL_RCC_GetPCLK1Freq
                0x08002b68       0x30 build/stm32f1xx_hal_rcc.o
                0x08002b68                HAL_RCC_GetPCLK1Freq
 .text.DMA_SetConfig
                0x08002b98       0x24 build/stm32f1xx_hal_dma.o
 .text.HAL_DMA_Init
                0x08002bbc       0x54 build/stm32f1xx_hal_dma.o
                0x08002bbc                HAL_DMA_Init
 .text.HAL_DMA_Start_IT
                0x08002c10       0x58 build/stm32f1xx_hal_dma.o
                0x08002c10                HAL_DMA_Start_IT
 .text.HAL_DMA_IRQHandler
                0x08002c68      0x78c build/stm32f1xx_hal_dma.o
                0x08002c68                HAL_DMA_IRQHandler
 .text.HAL_InitTick
                0x080033f4       0x28 build/stm32f1xx_hal.o
                0x080033f4                HAL_InitTick
 .text.HAL_Init
                0x0800341c       0x24 build/stm32f1xx_hal.o
                0x0800341c                HAL_Init
 .text.HAL_IncTick
                0x08003440       0x10 build/stm32f1xx_hal.o
                0x08003440                HAL_IncTick
 .text.HAL_GetTick
                0x08003450        0xc build/stm32f1xx_hal.o
                0x08003450                HAL_GetTick
 .text.HAL_Delay
                0x0800345c       0x1c build/stm32f1xx_hal.o
                0x0800345c                HAL_Delay
 .text.I2C_MasterTransmit_TXE
                0x08003478       0x2c build/stm32f1xx_hal_i2c.o
 .text.I2C_SlaveTransmit_TXE
                0x080034a4       0x20 build/stm32f1xx_hal_i2c.o
 .text.I2C_SlaveTransmit_BTF
                0x080034c4       0x20 build/stm32f1xx_hal_i2c.o
 .text.I2C_SlaveReceive_RXNE
                0x080034e4       0x20 build/stm32f1xx_hal_i2c.o
 .text.I2C_SlaveReceive_BTF
                0x08003504       0x20 build/stm32f1xx_hal_i2c.o
 .text.I2C_Slave_ADDR
                0x08003524       0x14 build/stm32f1xx_hal_i2c.o
 .text.I2C_Configure_Speed
                0x08003538       0x4c build/stm32f1xx_hal_i2c.o
 .text.I2C_IsAcknowledgeFailed
                0x08003584       0x2c build/stm32f1xx_hal_i2c.o
 .text.I2C_WaitOnFlagUntilTimeout
                0x080035b0       0xcc build/stm32f1xx_hal_i2c.o
 .text.I2C_WaitOnMasterAddressFlagUntilTimeout
                0x0800367c       0x94 build/stm32f1xx_hal_i2c.o
 .text.I2C_MasterRequestWrite
                0x08003710       0x8c build/stm32f1xx_hal_i2c.o
 .text.I2C_MasterRequestRead
                0x0800379c       0xe8 build/stm32f1xx_hal_i2c.o
 .text.I2C_WaitOnTXEFlagUntilTimeout
                0x08003884       0x54 build/stm32f1xx_hal_i2c.o
 .text.I2C_WaitOnBTFFlagUntilTimeout
                0x080038d8       0x54 build/stm32f1xx_hal_i2c.o
 .text.I2C_WaitOnRXNEFlagUntilTimeout
                0x0800392c       0x64 build/stm32f1xx_hal_i2c.o
 .text.HAL_I2C_Init
                0x08003990       0xb4 build/stm32f1xx_hal_i2c.o
                0x08003990                HAL_I2C_Init
 .text.HAL_I2C_Master_Transmit
                0x08003a44      0x130 build/stm32f1xx_hal_i2c.o
                0x08003a44                HAL_I2C_Master_Transmit
 .text.HAL_I2C_Master_Receive
                0x08003b74      0x22c build/stm32f1xx_hal_i2c.o
                0x08003b74                HAL_I2C_Master_Receive
 .text.HAL_I2C_SlaveTxCpltCallback
                0x08003da0        0x4 build/stm32f1xx_hal_i2c.o
                0x08003da0                HAL_I2C_SlaveTxCpltCallback
 .text.I2C_Slave_AF
                0x08003da4       0x30 build/stm32f1xx_hal_i2c.o
 .text.HAL_I2C_SlaveRxCpltCallback
                0x08003dd4        0x4 build/stm32f1xx_hal_i2c.o
                0x08003dd4                HAL_I2C_SlaveRxCpltCallback
 .text.I2C_Slave_STOPF
                0x08003dd8       0x3c build/stm32f1xx_hal_i2c.o
 .text.HAL_I2C_MemTxCpltCallback
                0x08003e14        0x4 build/stm32f1xx_hal_i2c.o
                0x08003e14                HAL_I2C_MemTxCpltCallback
 .text.I2C_MasterTransmit_BTF
                0x08003e18       0x58 build/stm32f1xx_hal_i2c.o
 .text.HAL_I2C_MemRxCpltCallback
                0x08003e70        0x4 build/stm32f1xx_hal_i2c.o
                0x08003e70                HAL_I2C_MemRxCpltCallback
 .text.I2C_MasterReceive_RXNE
                0x08003e74       0x78 build/stm32f1xx_hal_i2c.o
 .text.I2C_MasterReceive_BTF
                0x08003eec       0xb0 build/stm32f1xx_hal_i2c.o
 .text.HAL_I2C_EV_IRQHandler
                0x08003f9c      0x110 build/stm32f1xx_hal_i2c.o
                0x08003f9c                HAL_I2C_EV_IRQHandler
 .text.HAL_I2C_ER_IRQHandler
                0x080040ac       0xe0 build/stm32f1xx_hal_i2c.o
                0x080040ac                HAL_I2C_ER_IRQHandler
 .text.HAL_RCCEx_PeriphCLKConfig
                0x0800418c      0x138 build/stm32f1xx_hal_rcc_ex.o
                0x0800418c                HAL_RCCEx_PeriphCLKConfig
 .text.FLASH_MassErase
                0x080042c4       0x24 build/stm32f1xx_hal_flash_ex.o
 .text.FLASH_PageErase
                0x080042e8       0x24 build/stm32f1xx_hal_flash_ex.o
                0x080042e8                FLASH_PageErase
 .text.HAL_FLASHEx_Erase
                0x0800430c       0xa4 build/stm32f1xx_hal_flash_ex.o
                0x0800430c                HAL_FLASHEx_Erase
 .text.FLASH_Program_HalfWord
                0x080043b0       0x1c build/stm32f1xx_hal_flash.o
 .text.FLASH_SetErrorCode
                0x080043cc       0x58 build/stm32f1xx_hal_flash.o
 .text.HAL_FLASH_Unlock
                0x08004424       0x28 build/stm32f1xx_hal_flash.o
                0x08004424                HAL_FLASH_Unlock
 .text.FLASH_WaitForLastOperation
                0x0800444c       0x70 build/stm32f1xx_hal_flash.o
                0x0800444c                FLASH_WaitForLastOperation
 .text.HAL_FLASH_Program
                0x080044bc       0xa0 build/stm32f1xx_hal_flash.o
                0x080044bc                HAL_FLASH_Program
 .text.HAL_IWDG_MspInit
                0x0800455c        0x4 build/stm32f1xx_hal_iwdg.o
                0x0800455c                HAL_IWDG_MspInit
 .text.HAL_IWDG_Init
                0x08004560       0x68 build/stm32f1xx_hal_iwdg.o
                0x08004560                HAL_IWDG_Init
 .text.HAL_IWDG_Start
                0x080045c8       0x2c build/stm32f1xx_hal_iwdg.o
                0x080045c8                HAL_IWDG_Start
 .text.HAL_IWDG_Refresh
                0x080045f4       0x50 build/stm32f1xx_hal_iwdg.o
                0x080045f4                HAL_IWDG_Refresh
 .text.ADC_L_init
                0x08004644       0x8c build/ADC_L.o
                0x08004644                ADC_L_init
 .text.ADC_MOTOR_LEFT
                0x080046d0       0x1c build/ADC_L.o
                0x080046d0                ADC_MOTOR_LEFT
 .text.ADC_L_callback
                0x080046ec        0xc build/ADC_L.o
                0x080046ec                ADC_L_callback
 .text.ADC_R_init
                0x080046f8       0xd0 build/ADC_R.o
                0x080046f8                ADC_R_init
 .text.ADC_MOTOR_RIGHT
                0x080047c8       0x1c build/ADC_R.o
                0x080047c8                ADC_MOTOR_RIGHT
 .text.ADC_BATTERY
                0x080047e4       0x1c build/ADC_R.o
                0x080047e4                ADC_BATTERY
 .text.ADC_PA2  0x08004800       0x1c build/ADC_R.o
                0x08004800                ADC_PA2
 .text.ADC_PA3  0x0800481c       0x1c build/ADC_R.o
                0x0800481c                ADC_PA3
 .text.ADC_R_callback
                0x08004838        0xc build/ADC_R.o
                0x08004838                ADC_R_callback
 .text.mL_HallSensor_init
                0x08004844       0x50 build/motor_L.o
                0x08004844                mL_HallSensor_init
 .text.mL_Low_CH1_ON
                0x08004894       0x10 build/motor_L.o
                0x08004894                mL_Low_CH1_ON
 .text.mL_Low_CH1_OFF
                0x080048a4        0xc build/motor_L.o
                0x080048a4                mL_Low_CH1_OFF
 .text.mL_Low_CH2_ON
                0x080048b0       0x10 build/motor_L.o
                0x080048b0                mL_Low_CH2_ON
 .text.mL_Low_CH2_OFF
                0x080048c0        0xc build/motor_L.o
                0x080048c0                mL_Low_CH2_OFF
 .text.mL_Low_CH3_ON
                0x080048cc       0x10 build/motor_L.o
                0x080048cc                mL_Low_CH3_ON
 .text.mL_Low_CH3_OFF
                0x080048dc        0xc build/motor_L.o
                0x080048dc                mL_Low_CH3_OFF
 .text.mL_AHigh__ON
                0x080048e8       0x14 build/motor_L.o
                0x080048e8                mL_AHigh__ON
 .text.mL_AHigh__OFF
                0x080048fc       0x18 build/motor_L.o
                0x080048fc                mL_AHigh__OFF
 .text.mL_BHigh__ON
                0x08004914       0x14 build/motor_L.o
                0x08004914                mL_BHigh__ON
 .text.mL_BHigh__OFF
                0x08004928       0x18 build/motor_L.o
                0x08004928                mL_BHigh__OFF
 .text.mL_CHigh__ON
                0x08004940       0x14 build/motor_L.o
                0x08004940                mL_CHigh__ON
 .text.mL_CHigh__OFF
                0x08004954       0x18 build/motor_L.o
                0x08004954                mL_CHigh__OFF
 .text.mL_PWM_Set_ChALL
                0x0800496c       0x28 build/motor_L.o
                0x0800496c                mL_PWM_Set_ChALL
 .text.MotorL_stop
                0x08004994       0x54 build/motor_L.o
                0x08004994                MotorL_stop
 .text.MX_TIM8_Init
                0x080049e8      0x1bc build/motor_L.o
                0x080049e8                MX_TIM8_Init
 .text.MotorL_init
                0x08004ba4       0x20 build/motor_L.o
                0x08004ba4                MotorL_init
 .text.mL_BLDCMotor
                0x08004bc4      0x104 build/motor_L.o
                0x08004bc4                mL_BLDCMotor
 .text.MotorL_start
                0x08004cc8       0x34 build/motor_L.o
                0x08004cc8                MotorL_start
 .text.MotorL_pwm
                0x08004cfc       0x94 build/motor_L.o
                0x08004cfc                MotorL_pwm
 .text.HALL_L_ISR_Callback
                0x08004d90       0x10 build/motor_L.o
                0x08004d90                HALL_L_ISR_Callback
 .text.PWM_L_ISR_Callback
                0x08004da0       0x74 build/motor_L.o
                0x08004da0                PWM_L_ISR_Callback
 .text.mR_Low_CH1_ON
                0x08004e14       0x10 build/motor_R.o
                0x08004e14                mR_Low_CH1_ON
 .text.mR_Low_CH1_OFF
                0x08004e24       0x10 build/motor_R.o
                0x08004e24                mR_Low_CH1_OFF
 .text.mR_Low_CH2_ON
                0x08004e34       0x10 build/motor_R.o
                0x08004e34                mR_Low_CH2_ON
 .text.mR_Low_CH2_OFF
                0x08004e44       0x10 build/motor_R.o
                0x08004e44                mR_Low_CH2_OFF
 .text.mR_Low_CH3_ON
                0x08004e54       0x10 build/motor_R.o
                0x08004e54                mR_Low_CH3_ON
 .text.mR_Low_CH3_OFF
                0x08004e64       0x10 build/motor_R.o
                0x08004e64                mR_Low_CH3_OFF
 .text.mR_HallSensor_init
                0x08004e74       0x54 build/motor_R.o
                0x08004e74                mR_HallSensor_init
 .text.mR_AHigh__ON
                0x08004ec8       0x14 build/motor_R.o
                0x08004ec8                mR_AHigh__ON
 .text.mR_AHigh__OFF
                0x08004edc       0x18 build/motor_R.o
                0x08004edc                mR_AHigh__OFF
 .text.mR_BHigh__ON
                0x08004ef4       0x14 build/motor_R.o
                0x08004ef4                mR_BHigh__ON
 .text.mR_BHigh__OFF
                0x08004f08       0x18 build/motor_R.o
                0x08004f08                mR_BHigh__OFF
 .text.mR_CHigh__ON
                0x08004f20       0x14 build/motor_R.o
                0x08004f20                mR_CHigh__ON
 .text.mR_CHigh__OFF
                0x08004f34       0x18 build/motor_R.o
                0x08004f34                mR_CHigh__OFF
 .text.mR_PWM_Set_ChALL
                0x08004f4c       0x28 build/motor_R.o
                0x08004f4c                mR_PWM_Set_ChALL
 .text.MotorR_stop
                0x08004f74       0x5c build/motor_R.o
                0x08004f74                MotorR_stop
 .text.MX_TIM1_Init
                0x08004fd0      0x1cc build/motor_R.o
                0x08004fd0                MX_TIM1_Init
 .text.MotorR_init
                0x0800519c       0x20 build/motor_R.o
                0x0800519c                MotorR_init
 .text.mR_BLDCMotor
                0x080051bc      0x11c build/motor_R.o
                0x080051bc                mR_BLDCMotor
 .text.MotorR_start
                0x080052d8       0x34 build/motor_R.o
                0x080052d8                MotorR_start
 .text.MotorR_pwm
                0x0800530c       0x94 build/motor_R.o
                0x0800530c                MotorR_pwm
 .text.HALL_R_ISR_Callback
                0x080053a0       0x10 build/motor_R.o
                0x080053a0                HALL_R_ISR_Callback
 .text.PWM_R_ISR_Callback
                0x080053b0       0x74 build/motor_R.o
                0x080053b0                PWM_R_ISR_Callback
 .text.Led_init
                0x08005424       0x44 build/varie.o
                0x08005424                Led_init
 .text.IS_Charge_init
                0x08005468       0x3c build/varie.o
                0x08005468                IS_Charge_init
 .text.Led_Set  0x080054a4       0x14 build/varie.o
                0x080054a4                Led_Set
 .text.Power_Set
                0x080054b8       0x14 build/varie.o
                0x080054b8                Power_Set
 .text.Buzzer_Set
                0x080054cc       0x14 build/varie.o
                0x080054cc                Buzzer_Set
 .text.Buzzer_init
                0x080054e0       0x58 build/varie.o
                0x080054e0                Buzzer_init
 .text.Buzzer_OneBeep
                0x08005538       0x38 build/varie.o
                0x08005538                Buzzer_OneBeep
 .text.Buzzer_TwoBeep
                0x08005570       0x4c build/varie.o
                0x08005570                Buzzer_TwoBeep
 .text.Buzzer_OneLongBeep
                0x080055bc       0x38 build/varie.o
                0x080055bc                Buzzer_OneLongBeep
 .text.IS_Button
                0x080055f4       0x10 build/varie.o
                0x080055f4                IS_Button
 .text.Button_init
                0x08005604       0x4c build/varie.o
                0x08005604                Button_init
 .text.MX_I2C2_Init
                0x08005650       0xa0 build/i2c.o
                0x08005650                MX_I2C2_Init
 .text.HAL_I2C_MasterTxCpltCallback
                0x080056f0       0x18 build/i2c.o
                0x080056f0                HAL_I2C_MasterTxCpltCallback
 .text.HAL_I2C_MasterRxCpltCallback
                0x08005708       0x18 build/i2c.o
                0x08005708                HAL_I2C_MasterRxCpltCallback
 .text.HAL_I2C_ErrorCallback
                0x08005720       0x18 build/i2c.o
                0x08005720                HAL_I2C_ErrorCallback
 .text._init_us
                0x08005738       0x5c build/delay.o
                0x08005738                _init_us
 .text._stop_timer
                0x08005794       0x1c build/delay.o
                0x08005794                _stop_timer
 .text.Delay_us
                0x080057b0       0x20 build/delay.o
                0x080057b0                Delay_us
 .text.GET_BatteryAverage
                0x080057d0        0xc build/application.o
                0x080057d0                GET_BatteryAverage
 .text.applcation_init
                0x080057dc       0x38 build/application.o
                0x080057dc                applcation_init
 *fill*         0x08005814        0x4 
 .text.Battery_TASK
                0x08005818       0x90 build/application.o
                0x08005818                Battery_TASK
 .text.getMotorCurrentR
                0x080058a8       0x10 build/application.o
                0x080058a8                getMotorCurrentR
 .text.getMotorCurrentL
                0x080058b8       0x10 build/application.o
                0x080058b8                getMotorCurrentL
 .text.saveConfig
                0x080058c8       0x18 build/main.o
                0x080058c8                saveConfig
 .text.HAL_ADC_ConvCpltCallback
                0x080058e0       0x28 build/main.o
                0x080058e0                HAL_ADC_ConvCpltCallback
 .text.Error_Handler
                0x08005908        0xc build/main.o
                0x08005908                Error_Handler
 .text.MX_IWDG_Init
                0x08005914       0x4c build/main.o
 .text.SystemClock_Config
                0x08005960       0x8c build/main.o
                0x08005960                SystemClock_Config
 *fill*         0x080059ec        0x4 
 .text.main     0x080059f0      0x928 build/main.o
                0x080059f0                main
 .text.HAL_MspInit
                0x08006318       0x7c build/stm32f1xx_hal_msp.o
                0x08006318                HAL_MspInit
 .text.HAL_ADC_MspInit
                0x08006394       0xf8 build/stm32f1xx_hal_msp.o
                0x08006394                HAL_ADC_MspInit
 .text.HAL_I2C_MspInit
                0x0800648c       0xfc build/stm32f1xx_hal_msp.o
                0x0800648c                HAL_I2C_MspInit
 .text.LCD_I2C_WriteOut
                0x08006588       0x20 build/hd44780.o
                0x08006588                LCD_I2C_WriteOut
 .text.LCD_StateWriteBit
                0x080065a8       0x38 build/hd44780.o
                0x080065a8                LCD_StateWriteBit
 .text.LCD_StateLEDControl
                0x080065e0       0x10 build/hd44780.o
                0x080065e0                LCD_StateLEDControl
 .text.LCD_WriteToDataBus
                0x080065f0       0xc8 build/hd44780.o
                0x080065f0                LCD_WriteToDataBus
 .text.LCD_GetBusyFlag
                0x080066b8       0x8c build/hd44780.o
                0x080066b8                LCD_GetBusyFlag
 .text.LCD_WaitForBusyFlag
                0x08006744       0x38 build/hd44780.o
                0x08006744                LCD_WaitForBusyFlag
 .text.LCD_WriteCMD
                0x0800677c       0x5c build/hd44780.o
                0x0800677c                LCD_WriteCMD
 .text.LCD_WriteDATA
                0x080067d8       0x5c build/hd44780.o
                0x080067d8                LCD_WriteDATA
 .text.LCD_SetLocation
                0x08006834       0x14 build/hd44780.o
                0x08006834                LCD_SetLocation
 .text.LCD_WriteString
                0x08006848       0x30 build/hd44780.o
                0x08006848                LCD_WriteString
 .text.LCD_ClearDisplay
                0x08006878        0xc build/hd44780.o
                0x08006878                LCD_ClearDisplay
 .text.LCD_DisplayON
                0x08006884       0x1c build/hd44780.o
                0x08006884                LCD_DisplayON
 .text.LCD_WriteNumber
                0x080068a0       0x40 build/hd44780.o
                0x080068a0                LCD_WriteNumber
 .text.LCD_WriteFloat
                0x080068e0       0xd8 build/hd44780.o
                0x080068e0                LCD_WriteFloat
 .text.LCD_EntryModeSet
                0x080069b8       0x14 build/hd44780.o
                0x080069b8                LCD_EntryModeSet
 .text.LCD_Init
                0x080069cc      0x148 build/hd44780.o
                0x080069cc                LCD_Init
 .text.EE_VerifyPageFullyErased
                0x08006b14       0x24 build/eeprom.o
 .text.EE_FindValidPage
                0x08006b38       0x58 build/eeprom.o
 .text.EE_VerifyPageFullWriteVariable
                0x08006b90       0x60 build/eeprom.o
 .text.EE_Format
                0x08006bf0       0x60 build/eeprom.o
 .text.EE_ReadVariable
                0x08006c50       0x48 build/eeprom.o
                0x08006c50                EE_ReadVariable
 .text.EE_Init  0x08006c98      0x25c build/eeprom.o
                0x08006c98                EE_Init
 .text.EE_PageTransfer
                0x08006ef4       0xbc build/eeprom.o
 .text.EE_WriteVariable
                0x08006fb0       0x18 build/eeprom.o
                0x08006fb0                EE_WriteVariable
 .text.PCF8574_Init
                0x08006fc8        0xc build/pcf8574.o
                0x08006fc8                PCF8574_Init
 .text.PCF8574_Write
                0x08006fd4       0x34 build/pcf8574.o
                0x08006fd4                PCF8574_Write
 .text.PCF8574_Read
                0x08007008       0x30 build/pcf8574.o
                0x08007008                PCF8574_Read
 .text.Reset_Handler
                0x08007038       0x48 build/startup_stm32f103xe.o
                0x08007038                Reset_Handler
 .text.Default_Handler
                0x08007080        0x2 build/startup_stm32f103xe.o
                0x08007080                RTC_Alarm_IRQHandler
                0x08007080                EXTI2_IRQHandler
                0x08007080                TIM8_TRG_COM_IRQHandler
                0x08007080                TIM6_IRQHandler
                0x08007080                PVD_IRQHandler
                0x08007080                SDIO_IRQHandler
                0x08007080                EXTI3_IRQHandler
                0x08007080                EXTI0_IRQHandler
                0x08007080                I2C2_EV_IRQHandler
                0x08007080                ADC1_2_IRQHandler
                0x08007080                SPI1_IRQHandler
                0x08007080                TAMPER_IRQHandler
                0x08007080                TIM8_UP_IRQHandler
                0x08007080                DMA2_Channel2_IRQHandler
                0x08007080                DMA1_Channel4_IRQHandler
                0x08007080                USART3_IRQHandler
                0x08007080                RTC_IRQHandler
                0x08007080                DMA1_Channel7_IRQHandler
                0x08007080                CAN1_RX1_IRQHandler
                0x08007080                UART5_IRQHandler
                0x08007080                ADC3_IRQHandler
                0x08007080                TIM4_IRQHandler
                0x08007080                DMA2_Channel1_IRQHandler
                0x08007080                DMA1_Channel6_IRQHandler
                0x08007080                UART4_IRQHandler
                0x08007080                RCC_IRQHandler
                0x08007080                TIM1_TRG_COM_IRQHandler
                0x08007080                Default_Handler
                0x08007080                TIM7_IRQHandler
                0x08007080                TIM5_IRQHandler
                0x08007080                SPI2_IRQHandler
                0x08007080                DMA1_Channel5_IRQHandler
                0x08007080                EXTI4_IRQHandler
                0x08007080                USB_LP_CAN1_RX0_IRQHandler
                0x08007080                USB_HP_CAN1_TX_IRQHandler
                0x08007080                FSMC_IRQHandler
                0x08007080                TIM1_UP_IRQHandler
                0x08007080                WWDG_IRQHandler
                0x08007080                TIM2_IRQHandler
                0x08007080                TIM1_BRK_IRQHandler
                0x08007080                EXTI1_IRQHandler
                0x08007080                USART2_IRQHandler
                0x08007080                TIM8_BRK_IRQHandler
                0x08007080                CAN1_SCE_IRQHandler
                0x08007080                FLASH_IRQHandler
                0x08007080                USART1_IRQHandler
                0x08007080                SPI3_IRQHandler
                0x08007080                USBWakeUp_IRQHandler
                0x08007080                DMA2_Channel3_IRQHandler
 *fill*         0x08007082        0x2 
 .text.__libc_init_array
                0x08007084       0x4c /home/niklas/gcc-arm-none-eabi-5_4-2016q3/bin/../lib/gcc/arm-none-eabi/5.4.1/../../../../arm-none-eabi/lib/armv7-m/libc_nano.a(lib_a-init.o)
                0x08007084                __libc_init_array
 *(.glue_7)
 .glue_7        0x080070d0        0x0 linker stubs
 *(.glue_7t)
 .glue_7t       0x080070d0        0x0 linker stubs
 *(.eh_frame)
 .eh_frame      0x080070d0        0x0 /home/niklas/gcc-arm-none-eabi-5_4-2016q3/bin/../lib/gcc/arm-none-eabi/5.4.1/armv7-m/crtbegin.o
 *(.init)
 .init          0x080070d0        0x4 /home/niklas/gcc-arm-none-eabi-5_4-2016q3/bin/../lib/gcc/arm-none-eabi/5.4.1/armv7-m/crti.o
                0x080070d0                _init
 .init          0x080070d4        0x8 /home/niklas/gcc-arm-none-eabi-5_4-2016q3/bin/../lib/gcc/arm-none-eabi/5.4.1/armv7-m/crtn.o
 *(.fini)
 .fini          0x080070dc        0x4 /home/niklas/gcc-arm-none-eabi-5_4-2016q3/bin/../lib/gcc/arm-none-eabi/5.4.1/armv7-m/crti.o
                0x080070dc                _fini
 .fini          0x080070e0        0x8 /home/niklas/gcc-arm-none-eabi-5_4-2016q3/bin/../lib/gcc/arm-none-eabi/5.4.1/armv7-m/crtn.o
                0x080070e8                . = ALIGN (0x4)
                0x080070e8                _etext = .

.vfp11_veneer   0x080070e8        0x0
 .vfp11_veneer  0x080070e8        0x0 linker stubs

.v4_bx          0x080070e8        0x0
 .v4_bx         0x080070e8        0x0 linker stubs

.iplt           0x080070e8        0x0
 .iplt          0x080070e8        0x0 /home/niklas/gcc-arm-none-eabi-5_4-2016q3/bin/../lib/gcc/arm-none-eabi/5.4.1/armv7-m/crtbegin.o

.rodata         0x080070e8       0xb8
                0x080070e8                . = ALIGN (0x4)
 *(.rodata)
 .rodata        0x080070e8       0x12 build/stm32f1xx_hal_rcc.o
 *(.rodata*)
 *fill*         0x080070fa        0x2 
 .rodata.AHBPrescTable
                0x080070fc       0x10 build/system_stm32f1xx.o
                0x080070fc                AHBPrescTable
 .rodata.APBPrescTable
                0x0800710c        0x8 build/system_stm32f1xx.o
                0x0800710c                APBPrescTable
 .rodata.str1.4
                0x08007114       0x81 build/main.o
 *fill*         0x08007195        0x3 
 .rodata.str1.4
                0x08007198        0x8 build/hd44780.o
                                  0x6 (size before relaxing)
                0x080071a0                . = ALIGN (0x4)

.rel.dyn        0x080071a0        0x0
 .rel.iplt      0x080071a0        0x0 /home/niklas/gcc-arm-none-eabi-5_4-2016q3/bin/../lib/gcc/arm-none-eabi/5.4.1/armv7-m/crtbegin.o

.ARM.extab
 *(.ARM.extab* .gnu.linkonce.armextab.*)

.ARM            0x080071a0        0x0
                0x080071a0                __exidx_start = .
 *(.ARM.exidx*)
                0x080071a0                __exidx_end = .

.preinit_array  0x080071a0        0x0
                0x080071a0                PROVIDE (__preinit_array_start, .)
 *(.preinit_array*)
                0x080071a0                PROVIDE (__preinit_array_end, .)

.init_array     0x080071a0        0x4
                0x080071a0                PROVIDE (__init_array_start, .)
 *(SORT(.init_array.*))
 *(.init_array*)
 .init_array    0x080071a0        0x4 /home/niklas/gcc-arm-none-eabi-5_4-2016q3/bin/../lib/gcc/arm-none-eabi/5.4.1/armv7-m/crtbegin.o
                0x080071a4                PROVIDE (__init_array_end, .)

.fini_array     0x080071a4        0x4
                [!provide]                PROVIDE (__fini_array_start, .)
 *(SORT(.fini_array.*))
 *(.fini_array*)
 .fini_array    0x080071a4        0x4 /home/niklas/gcc-arm-none-eabi-5_4-2016q3/bin/../lib/gcc/arm-none-eabi/5.4.1/armv7-m/crtbegin.o
                [!provide]                PROVIDE (__fini_array_end, .)
                0x080071a8                _sidata = LOADADDR (.data)

.data           0x20000000       0x2c load address 0x080071a8
                0x20000000                . = ALIGN (0x4)
                0x20000000                _sdata = .
 *(.data)
 *(.data*)
 .data.SystemCoreClock
                0x20000000        0x4 build/system_stm32f1xx.o
                0x20000000                SystemCoreClock
 .data.VirtAddVarTab
                0x20000004        0x6 build/main.o
                0x20000004                VirtAddVarTab
 *fill*         0x2000000a        0x2 
 .data.PCF8574_Type0Pins
                0x2000000c       0x20 build/hd44780.o
                0x2000000c                PCF8574_Type0Pins
                0x2000002c                . = ALIGN (0x4)
                0x2000002c                _edata = .

.jcr            0x2000002c        0x0 load address 0x080071d4
 .jcr           0x2000002c        0x0 /home/niklas/gcc-arm-none-eabi-5_4-2016q3/bin/../lib/gcc/arm-none-eabi/5.4.1/armv7-m/crtbegin.o

.igot.plt       0x2000002c        0x0 load address 0x080071d4
 .igot.plt      0x2000002c        0x0 /home/niklas/gcc-arm-none-eabi-5_4-2016q3/bin/../lib/gcc/arm-none-eabi/5.4.1/armv7-m/crtbegin.o
                0x2000002c                . = ALIGN (0x4)

.bss            0x20000030      0x578 load address 0x080071d4
                0x20000030                _sbss = .
                0x20000030                __bss_start__ = _sbss
 *(.bss)
 .bss           0x20000030       0x1c /home/niklas/gcc-arm-none-eabi-5_4-2016q3/bin/../lib/gcc/arm-none-eabi/5.4.1/armv7-m/crtbegin.o
 *(.bss*)
 .bss.uwTick    0x2000004c        0x4 build/stm32f1xx_hal.o
 .bss.last_motorL.7432
                0x20000050        0x1 build/motor_L.o
 .bss.last_motorLStop.7433
                0x20000051        0x1 build/motor_L.o
 .bss.last_motorR.7444
                0x20000052        0x1 build/motor_R.o
 .bss.last_motorRStop.7445
                0x20000053        0x1 build/motor_R.o
 .bss.saveValue
                0x20000054        0x2 build/main.o
                0x20000054                saveValue
 .bss.DataVar   0x20000056        0x2 build/eeprom.o
                0x20000056                DataVar
 *(COMMON)
 COMMON         0x20000058       0x20 build/stm32f1xx_hal_flash.o
                0x20000058                pFlash
 COMMON         0x20000078       0x70 build/ADC_L.o
                0x20000078                adc_Ldati
                0x20000080                hdma_adc3
                0x200000b8                hadc3
 COMMON         0x200000e8       0x7c build/ADC_R.o
                0x200000e8                hadc1
                0x20000118                buffer
                0x20000120                adc_Rdati
                0x2000012c                hdma_adc1
 COMMON         0x20000164       0x84 build/pid.o
                0x20000164                pid_L_Dati
                0x20000180                Tim3PID
                0x200001bc                pid_R_
                0x200001c4                pid_L_
                0x200001cc                pid_R_Dati
 COMMON         0x200001e8       0x4c build/motor_L.o
                0x200001e8                htim8
                0x20000224                motorL
 COMMON         0x20000234       0x4c build/motor_R.o
                0x20000234                motorR
                0x20000244                htim1
 COMMON         0x20000280      0x12c build/uart.o
                0x20000280                uartDati
                0x200002fc                hdma_usart3_rx
                0x20000334                huart3
                0x20000374                hdma_usart3_tx
 COMMON         0x200003ac       0xc0 build/i2c.o
                0x200003ac                wii_JOYdati
                0x200003c0                hi2c2
                0x200003fc                hdma_i2c2_rx
                0x20000434                hdma_i2c2_tx
 COMMON         0x2000046c       0x3c build/delay.o
                0x2000046c                TimHandle
 COMMON         0x200004a8       0x5c build/application.o
                0x200004a8                battery_dati
                0x200004bc                app
 COMMON         0x20000504       0xa4 build/main.o
                0x20000504                lcd
                0x20000590                counterTemp
                0x20000594                hiwdg
                0x200005a4                counterTempTT
                0x200005a8                . = ALIGN (0x4)
                0x200005a8                _ebss = .
                0x200005a8                __bss_end__ = _ebss

._user_heap_stack
                0x200005a8      0x600 load address 0x080071d4
                0x200005a8                . = ALIGN (0x8)
                [!provide]                PROVIDE (end, .)
                [!provide]                PROVIDE (_end, .)
                0x200007a8                . = (. + _Min_Heap_Size)
 *fill*         0x200005a8      0x200 
                0x20000ba8                . = (. + _Min_Stack_Size)
 *fill*         0x200007a8      0x400 
                0x20000ba8                . = ALIGN (0x8)

/DISCARD/
 libc.a(*)
 libm.a(*)
 libgcc.a(*)

.ARM.attributes
                0x00000000       0x29
 *(.ARM.attributes)
 .ARM.attributes
                0x00000000       0x1d /home/niklas/gcc-arm-none-eabi-5_4-2016q3/bin/../lib/gcc/arm-none-eabi/5.4.1/armv7-m/crti.o
 .ARM.attributes
                0x0000001d       0x2d /home/niklas/gcc-arm-none-eabi-5_4-2016q3/bin/../lib/gcc/arm-none-eabi/5.4.1/armv7-m/crtbegin.o
 .ARM.attributes
                0x0000004a       0x33 build/stm32f1xx_hal_adc.o
 .ARM.attributes
                0x0000007d       0x33 build/stm32f1xx_hal_tim_ex.o
 .ARM.attributes
                0x000000b0       0x33 build/stm32f1xx_hal_cortex.o
 .ARM.attributes
                0x000000e3       0x33 build/stm32f1xx_hal_gpio.o
 .ARM.attributes
                0x00000116       0x33 build/system_stm32f1xx.o
 .ARM.attributes
                0x00000149       0x33 build/stm32f1xx_hal_tim.o
 .ARM.attributes
                0x0000017c       0x33 build/stm32f1xx_it.o
 .ARM.attributes
                0x000001af       0x33 build/stm32f1xx_hal_rcc.o
 .ARM.attributes
                0x000001e2       0x33 build/stm32f1xx_hal_dma.o
 .ARM.attributes
                0x00000215       0x33 build/stm32f1xx_hal.o
 .ARM.attributes
                0x00000248       0x33 build/stm32f1xx_hal_i2c.o
 .ARM.attributes
                0x0000027b       0x33 build/stm32f1xx_hal_rcc_ex.o
 .ARM.attributes
                0x000002ae       0x33 build/stm32f1xx_hal_flash_ex.o
 .ARM.attributes
                0x000002e1       0x33 build/stm32f1xx_hal_flash.o
 .ARM.attributes
                0x00000314       0x33 build/stm32f1xx_hal_iwdg.o
 .ARM.attributes
                0x00000347       0x33 build/ADC_L.o
 .ARM.attributes
                0x0000037a       0x33 build/ADC_R.o
 .ARM.attributes
                0x000003ad       0x33 build/pid.o
 .ARM.attributes
                0x000003e0       0x33 build/motor_L.o
 .ARM.attributes
                0x00000413       0x33 build/motor_R.o
 .ARM.attributes
                0x00000446       0x33 build/uart.o
 .ARM.attributes
                0x00000479       0x33 build/varie.o
 .ARM.attributes
                0x000004ac       0x33 build/i2c.o
 .ARM.attributes
                0x000004df       0x33 build/delay.o
 .ARM.attributes
                0x00000512       0x33 build/application.o
 .ARM.attributes
                0x00000545       0x33 build/main.o
 .ARM.attributes
                0x00000578       0x33 build/stm32f1xx_hal_msp.o
 .ARM.attributes
                0x000005ab       0x33 build/hd44780.o
 .ARM.attributes
                0x000005de       0x33 build/eeprom.o
 .ARM.attributes
                0x00000611       0x33 build/pcf8574.o
 .ARM.attributes
                0x00000644       0x21 build/startup_stm32f103xe.o
 .ARM.attributes
                0x00000665       0x2d /home/niklas/gcc-arm-none-eabi-5_4-2016q3/bin/../lib/gcc/arm-none-eabi/5.4.1/../../../../arm-none-eabi/lib/armv7-m/libc_nano.a(lib_a-init.o)
 .ARM.attributes
                0x00000692       0x1d /home/niklas/gcc-arm-none-eabi-5_4-2016q3/bin/../lib/gcc/arm-none-eabi/5.4.1/armv7-m/libgcc.a(_arm_addsubdf3.o)
 .ARM.attributes
                0x000006af       0x1d /home/niklas/gcc-arm-none-eabi-5_4-2016q3/bin/../lib/gcc/arm-none-eabi/5.4.1/armv7-m/libgcc.a(_arm_muldivdf3.o)
 .ARM.attributes
                0x000006cc       0x1d /home/niklas/gcc-arm-none-eabi-5_4-2016q3/bin/../lib/gcc/arm-none-eabi/5.4.1/armv7-m/libgcc.a(_arm_cmpdf2.o)
 .ARM.attributes
                0x000006e9       0x1d /home/niklas/gcc-arm-none-eabi-5_4-2016q3/bin/../lib/gcc/arm-none-eabi/5.4.1/armv7-m/libgcc.a(_arm_fixdfsi.o)
 .ARM.attributes
                0x00000706       0x1d /home/niklas/gcc-arm-none-eabi-5_4-2016q3/bin/../lib/gcc/arm-none-eabi/5.4.1/armv7-m/libgcc.a(_arm_fixunsdfsi.o)
 .ARM.attributes
                0x00000723       0x1d /home/niklas/gcc-arm-none-eabi-5_4-2016q3/bin/../lib/gcc/arm-none-eabi/5.4.1/armv7-m/libgcc.a(_arm_truncdfsf2.o)
 .ARM.attributes
                0x00000740       0x1d /home/niklas/gcc-arm-none-eabi-5_4-2016q3/bin/../lib/gcc/arm-none-eabi/5.4.1/armv7-m/libgcc.a(_arm_addsubsf3.o)
 .ARM.attributes
                0x0000075d       0x1d /home/niklas/gcc-arm-none-eabi-5_4-2016q3/bin/../lib/gcc/arm-none-eabi/5.4.1/armv7-m/libgcc.a(_arm_muldivsf3.o)
 .ARM.attributes
                0x0000077a       0x1d /home/niklas/gcc-arm-none-eabi-5_4-2016q3/bin/../lib/gcc/arm-none-eabi/5.4.1/armv7-m/libgcc.a(_arm_cmpsf2.o)
 .ARM.attributes
                0x00000797       0x1d /home/niklas/gcc-arm-none-eabi-5_4-2016q3/bin/../lib/gcc/arm-none-eabi/5.4.1/armv7-m/libgcc.a(_arm_fixsfsi.o)
 .ARM.attributes
                0x000007b4       0x1d /home/niklas/gcc-arm-none-eabi-5_4-2016q3/bin/../lib/gcc/arm-none-eabi/5.4.1/armv7-m/libgcc.a(_arm_fixunssfsi.o)
 .ARM.attributes
                0x000007d1       0x1d /home/niklas/gcc-arm-none-eabi-5_4-2016q3/bin/../lib/gcc/arm-none-eabi/5.4.1/armv7-m/crtn.o
OUTPUT(build/hoverboard.elf elf32-littlearm)

.debug_info     0x00000000    0x1c8c4
 .debug_info    0x00000000     0x10e6 build/stm32f1xx_hal_adc.o
 .debug_info    0x000010e6     0x1331 build/stm32f1xx_hal_tim_ex.o
 .debug_info    0x00002417      0xd3b build/stm32f1xx_hal_cortex.o
 .debug_info    0x00003152      0x66e build/stm32f1xx_hal_gpio.o
 .debug_info    0x000037c0      0x437 build/system_stm32f1xx.o
 .debug_info    0x00003bf7     0x3036 build/stm32f1xx_hal_tim.o
 .debug_info    0x00006c2d      0xf31 build/stm32f1xx_it.o
 .debug_info    0x00007b5e     0x135c build/stm32f1xx_hal_rcc.o
 .debug_info    0x00008eba      0x6a4 build/stm32f1xx_hal_dma.o
 .debug_info    0x0000955e      0x78c build/stm32f1xx_hal.o
 .debug_info    0x00009cea     0x2c35 build/stm32f1xx_hal_i2c.o
 .debug_info    0x0000c91f      0x5fa build/stm32f1xx_hal_rcc_ex.o
 .debug_info    0x0000cf19      0xb7e build/stm32f1xx_hal_flash_ex.o
 .debug_info    0x0000da97      0x68c build/stm32f1xx_hal_flash.o
 .debug_info    0x0000e123      0x369 build/stm32f1xx_hal_iwdg.o
 .debug_info    0x0000e48c      0xaeb build/ADC_L.o
 .debug_info    0x0000ef77      0xcba build/ADC_R.o
 .debug_info    0x0000fc31      0xdb8 build/pid.o
 .debug_info    0x000109e9     0x13ee build/motor_L.o
 .debug_info    0x00011dd7     0x1403 build/motor_R.o
 .debug_info    0x000131da      0xa6e build/uart.o
 .debug_info    0x00013c48      0xb05 build/varie.o
 .debug_info    0x0001474d      0xc97 build/i2c.o
 .debug_info    0x000153e4      0x7bf build/delay.o
 .debug_info    0x00015ba3      0xfdf build/application.o
 .debug_info    0x00016b82     0x1f54 build/main.o
 .debug_info    0x00018ad6     0x159f build/stm32f1xx_hal_msp.o
 .debug_info    0x0001a075     0x178e build/hd44780.o
 .debug_info    0x0001b803      0x913 build/eeprom.o
 .debug_info    0x0001c116      0x751 build/pcf8574.o
 .debug_info    0x0001c867       0x5d build/startup_stm32f103xe.o

.debug_abbrev   0x00000000     0x4184
 .debug_abbrev  0x00000000      0x27e build/stm32f1xx_hal_adc.o
 .debug_abbrev  0x0000027e      0x251 build/stm32f1xx_hal_tim_ex.o
 .debug_abbrev  0x000004cf      0x2d2 build/stm32f1xx_hal_cortex.o
 .debug_abbrev  0x000007a1      0x202 build/stm32f1xx_hal_gpio.o
 .debug_abbrev  0x000009a3      0x124 build/system_stm32f1xx.o
 .debug_abbrev  0x00000ac7      0x278 build/stm32f1xx_hal_tim.o
 .debug_abbrev  0x00000d3f      0x221 build/stm32f1xx_it.o
 .debug_abbrev  0x00000f60      0x2a1 build/stm32f1xx_hal_rcc.o
 .debug_abbrev  0x00001201      0x22a build/stm32f1xx_hal_dma.o
 .debug_abbrev  0x0000142b      0x21f build/stm32f1xx_hal.o
 .debug_abbrev  0x0000164a      0x26b build/stm32f1xx_hal_i2c.o
 .debug_abbrev  0x000018b5      0x217 build/stm32f1xx_hal_rcc_ex.o
 .debug_abbrev  0x00001acc      0x2c4 build/stm32f1xx_hal_flash_ex.o
 .debug_abbrev  0x00001d90      0x226 build/stm32f1xx_hal_flash.o
 .debug_abbrev  0x00001fb6      0x1ba build/stm32f1xx_hal_iwdg.o
 .debug_abbrev  0x00002170      0x20d build/ADC_L.o
 .debug_abbrev  0x0000237d      0x20d build/ADC_R.o
 .debug_abbrev  0x0000258a      0x25e build/pid.o
 .debug_abbrev  0x000027e8      0x265 build/motor_L.o
 .debug_abbrev  0x00002a4d      0x265 build/motor_R.o
 .debug_abbrev  0x00002cb2      0x1f1 build/uart.o
 .debug_abbrev  0x00002ea3      0x1c8 build/varie.o
 .debug_abbrev  0x0000306b      0x211 build/i2c.o
 .debug_abbrev  0x0000327c      0x1c2 build/delay.o
 .debug_abbrev  0x0000343e      0x2a6 build/application.o
 .debug_abbrev  0x000036e4      0x294 build/main.o
 .debug_abbrev  0x00003978      0x204 build/stm32f1xx_hal_msp.o
 .debug_abbrev  0x00003b7c      0x29d build/hd44780.o
 .debug_abbrev  0x00003e19      0x1c9 build/eeprom.o
 .debug_abbrev  0x00003fe2      0x190 build/pcf8574.o
 .debug_abbrev  0x00004172       0x12 build/startup_stm32f103xe.o

.debug_loc      0x00000000     0xf75e
 .debug_loc     0x00000000      0xce2 build/stm32f1xx_hal_adc.o
 .debug_loc     0x00000ce2     0x10ab build/stm32f1xx_hal_tim_ex.o
 .debug_loc     0x00001d8d      0x59f build/stm32f1xx_hal_cortex.o
 .debug_loc     0x0000232c      0x410 build/stm32f1xx_hal_gpio.o
 .debug_loc     0x0000273c       0xdf build/system_stm32f1xx.o
 .debug_loc     0x0000281b     0x3cd1 build/stm32f1xx_hal_tim.o
 .debug_loc     0x000064ec      0x200 build/stm32f1xx_it.o
 .debug_loc     0x000066ec      0xa49 build/stm32f1xx_hal_rcc.o
 .debug_loc     0x00007135      0x527 build/stm32f1xx_hal_dma.o
 .debug_loc     0x0000765c      0x119 build/stm32f1xx_hal.o
 .debug_loc     0x00007775     0x33cf build/stm32f1xx_hal_i2c.o
 .debug_loc     0x0000ab44      0x3e5 build/stm32f1xx_hal_rcc_ex.o
 .debug_loc     0x0000af29      0x86e build/stm32f1xx_hal_flash_ex.o
 .debug_loc     0x0000b797      0x365 build/stm32f1xx_hal_flash.o
 .debug_loc     0x0000bafc      0x16d build/stm32f1xx_hal_iwdg.o
 .debug_loc     0x0000bc69      0x11f build/ADC_L.o
 .debug_loc     0x0000bd88      0x230 build/ADC_R.o
 .debug_loc     0x0000bfb8      0x340 build/pid.o
 .debug_loc     0x0000c2f8      0x1d3 build/motor_L.o
 .debug_loc     0x0000c4cb      0x1d3 build/motor_R.o
 .debug_loc     0x0000c69e       0xd0 build/uart.o
 .debug_loc     0x0000c76e      0x335 build/varie.o
 .debug_loc     0x0000caa3       0xe7 build/i2c.o
 .debug_loc     0x0000cb8a      0x132 build/delay.o
 .debug_loc     0x0000ccbc      0xa0a build/application.o
 .debug_loc     0x0000d6c6      0x26f build/main.o
 .debug_loc     0x0000d935      0x2e5 build/stm32f1xx_hal_msp.o
 .debug_loc     0x0000dc1a      0xe02 build/hd44780.o
 .debug_loc     0x0000ea1c      0xbc4 build/eeprom.o
 .debug_loc     0x0000f5e0      0x17e build/pcf8574.o

.debug_aranges  0x00000000     0x13c8
 .debug_aranges
                0x00000000       0xf0 build/stm32f1xx_hal_adc.o
 .debug_aranges
                0x000000f0      0x138 build/stm32f1xx_hal_tim_ex.o
 .debug_aranges
                0x00000228       0x90 build/stm32f1xx_hal_cortex.o
 .debug_aranges
                0x000002b8       0x58 build/stm32f1xx_hal_gpio.o
 .debug_aranges
                0x00000310       0x28 build/system_stm32f1xx.o
 .debug_aranges
                0x00000338      0x368 build/stm32f1xx_hal_tim.o
 .debug_aranges
                0x000006a0       0xc0 build/stm32f1xx_it.o
 .debug_aranges
                0x00000760       0x88 build/stm32f1xx_hal_rcc.o
 .debug_aranges
                0x000007e8       0x68 build/stm32f1xx_hal_dma.o
 .debug_aranges
                0x00000850       0xb0 build/stm32f1xx_hal.o
 .debug_aranges
                0x00000900      0x218 build/stm32f1xx_hal_i2c.o
 .debug_aranges
                0x00000b18       0x30 build/stm32f1xx_hal_rcc_ex.o
 .debug_aranges
                0x00000b48       0x98 build/stm32f1xx_hal_flash_ex.o
 .debug_aranges
                0x00000be0       0x88 build/stm32f1xx_hal_flash.o
 .debug_aranges
                0x00000c68       0x40 build/stm32f1xx_hal_iwdg.o
 .debug_aranges
                0x00000ca8       0x48 build/ADC_L.o
 .debug_aranges
                0x00000cf0       0x68 build/ADC_R.o
 .debug_aranges
                0x00000d58       0x50 build/pid.o
 .debug_aranges
                0x00000da8       0xe0 build/motor_L.o
 .debug_aranges
                0x00000e88       0xe0 build/motor_R.o
 .debug_aranges
                0x00000f68       0x50 build/uart.o
 .debug_aranges
                0x00000fb8       0xa8 build/varie.o
 .debug_aranges
                0x00001060       0x50 build/i2c.o
 .debug_aranges
                0x000010b0       0x40 build/delay.o
 .debug_aranges
                0x000010f0       0xb8 build/application.o
 .debug_aranges
                0x000011a8       0x48 build/main.o
 .debug_aranges
                0x000011f0       0x58 build/stm32f1xx_hal_msp.o
 .debug_aranges
                0x00001248       0xc8 build/hd44780.o
 .debug_aranges
                0x00001310       0x58 build/eeprom.o
 .debug_aranges
                0x00001368       0x38 build/pcf8574.o
 .debug_aranges
                0x000013a0       0x28 build/startup_stm32f103xe.o

.debug_ranges   0x00000000     0x1210
 .debug_ranges  0x00000000       0xe0 build/stm32f1xx_hal_adc.o
 .debug_ranges  0x000000e0      0x128 build/stm32f1xx_hal_tim_ex.o
 .debug_ranges  0x00000208       0x80 build/stm32f1xx_hal_cortex.o
 .debug_ranges  0x00000288       0x48 build/stm32f1xx_hal_gpio.o
 .debug_ranges  0x000002d0       0x18 build/system_stm32f1xx.o
 .debug_ranges  0x000002e8      0x358 build/stm32f1xx_hal_tim.o
 .debug_ranges  0x00000640       0xb0 build/stm32f1xx_it.o
 .debug_ranges  0x000006f0       0x78 build/stm32f1xx_hal_rcc.o
 .debug_ranges  0x00000768       0x58 build/stm32f1xx_hal_dma.o
 .debug_ranges  0x000007c0       0xa0 build/stm32f1xx_hal.o
 .debug_ranges  0x00000860      0x208 build/stm32f1xx_hal_i2c.o
 .debug_ranges  0x00000a68       0x20 build/stm32f1xx_hal_rcc_ex.o
 .debug_ranges  0x00000a88       0x88 build/stm32f1xx_hal_flash_ex.o
 .debug_ranges  0x00000b10       0x78 build/stm32f1xx_hal_flash.o
 .debug_ranges  0x00000b88       0x30 build/stm32f1xx_hal_iwdg.o
 .debug_ranges  0x00000bb8       0x38 build/ADC_L.o
 .debug_ranges  0x00000bf0       0x58 build/ADC_R.o
 .debug_ranges  0x00000c48       0x40 build/pid.o
 .debug_ranges  0x00000c88       0xd0 build/motor_L.o
 .debug_ranges  0x00000d58       0xd0 build/motor_R.o
 .debug_ranges  0x00000e28       0x40 build/uart.o
 .debug_ranges  0x00000e68       0xb0 build/varie.o
 .debug_ranges  0x00000f18       0x40 build/i2c.o
 .debug_ranges  0x00000f58       0x30 build/delay.o
 .debug_ranges  0x00000f88       0xa8 build/application.o
 .debug_ranges  0x00001030       0x38 build/main.o
 .debug_ranges  0x00001068       0x48 build/stm32f1xx_hal_msp.o
 .debug_ranges  0x000010b0       0xd0 build/hd44780.o
 .debug_ranges  0x00001180       0x48 build/eeprom.o
 .debug_ranges  0x000011c8       0x28 build/pcf8574.o
 .debug_ranges  0x000011f0       0x20 build/startup_stm32f103xe.o

.debug_line     0x00000000     0x9531
 .debug_line    0x00000000      0x7ea build/stm32f1xx_hal_adc.o
 .debug_line    0x000007ea      0x797 build/stm32f1xx_hal_tim_ex.o
 .debug_line    0x00000f81      0x312 build/stm32f1xx_hal_cortex.o
 .debug_line    0x00001293      0x362 build/stm32f1xx_hal_gpio.o
 .debug_line    0x000015f5      0x19a build/system_stm32f1xx.o
 .debug_line    0x0000178f     0x11aa build/stm32f1xx_hal_tim.o
 .debug_line    0x00002939      0x3f4 build/stm32f1xx_it.o
 .debug_line    0x00002d2d      0x704 build/stm32f1xx_hal_rcc.o
 .debug_line    0x00003431      0xa62 build/stm32f1xx_hal_dma.o
 .debug_line    0x00003e93      0x341 build/stm32f1xx_hal.o
 .debug_line    0x000041d4     0x1188 build/stm32f1xx_hal_i2c.o
 .debug_line    0x0000535c      0x31e build/stm32f1xx_hal_rcc_ex.o
 .debug_line    0x0000567a      0x44d build/stm32f1xx_hal_flash_ex.o
 .debug_line    0x00005ac7      0x3dd build/stm32f1xx_hal_flash.o
 .debug_line    0x00005ea4      0x298 build/stm32f1xx_hal_iwdg.o
 .debug_line    0x0000613c      0x266 build/ADC_L.o
 .debug_line    0x000063a2      0x2c4 build/ADC_R.o
 .debug_line    0x00006666      0x2c3 build/pid.o
 .debug_line    0x00006929      0x4ab build/motor_L.o
 .debug_line    0x00006dd4      0x4ae build/motor_R.o
 .debug_line    0x00007282      0x2a2 build/uart.o
 .debug_line    0x00007524      0x3d0 build/varie.o
 .debug_line    0x000078f4      0x2cd build/i2c.o
 .debug_line    0x00007bc1      0x229 build/delay.o
 .debug_line    0x00007dea      0x542 build/application.o
 .debug_line    0x0000832c      0x4df build/main.o
 .debug_line    0x0000880b      0x33b build/stm32f1xx_hal_msp.o
 .debug_line    0x00008b46      0x463 build/hd44780.o
 .debug_line    0x00008fa9      0x30b build/eeprom.o
 .debug_line    0x000092b4      0x20b build/pcf8574.o
 .debug_line    0x000094bf       0x72 build/startup_stm32f103xe.o

.debug_str      0x00000000     0x5284
 .debug_str     0x00000000      0x7fc build/stm32f1xx_hal_adc.o
                                0x8bb (size before relaxing)
 .debug_str     0x000007fc      0x7d9 build/stm32f1xx_hal_tim_ex.o
                                0xbb5 (size before relaxing)
 .debug_str     0x00000fd5      0x6fb build/stm32f1xx_hal_cortex.o
                                0x999 (size before relaxing)
 .debug_str     0x000016d0      0x203 build/stm32f1xx_hal_gpio.o
                                0x410 (size before relaxing)
 .debug_str     0x000018d3       0x68 build/system_stm32f1xx.o
                                0x2b7 (size before relaxing)
 .debug_str     0x0000193b      0xc0c build/stm32f1xx_hal_tim.o
                               0x131b (size before relaxing)
 .debug_str     0x00002547      0x474 build/stm32f1xx_it.o
                                0xb0d (size before relaxing)
 .debug_str     0x000029bb      0x320 build/stm32f1xx_hal_rcc.o
                                0x60d (size before relaxing)
 .debug_str     0x00002cdb      0x115 build/stm32f1xx_hal_dma.o
                                0x4fc (size before relaxing)
 .debug_str     0x00002df0      0x18f build/stm32f1xx_hal.o
                                0x83b (size before relaxing)
 .debug_str     0x00002f7f      0x658 build/stm32f1xx_hal_i2c.o
                                0xc7b (size before relaxing)
 .debug_str     0x000035d7      0x135 build/stm32f1xx_hal_rcc_ex.o
                                0x416 (size before relaxing)
 .debug_str     0x0000370c      0x3cb build/stm32f1xx_hal_flash_ex.o
                                0x65d (size before relaxing)
 .debug_str     0x00003ad7      0x17e build/stm32f1xx_hal_flash.o
                                0x533 (size before relaxing)
 .debug_str     0x00003c55      0x147 build/stm32f1xx_hal_iwdg.o
                                0x370 (size before relaxing)
 .debug_str     0x00003d9c       0x9e build/ADC_L.o
                                0xa0f (size before relaxing)
 .debug_str     0x00003e3a       0xb8 build/ADC_R.o
                                0xa45 (size before relaxing)
 .debug_str     0x00003ef2       0xd4 build/pid.o
                                0xb8c (size before relaxing)
 .debug_str     0x00003fc6      0x20e build/motor_L.o
                                0xdaa (size before relaxing)
 .debug_str     0x000041d4      0x16f build/motor_R.o
                                0xdaa (size before relaxing)
 .debug_str     0x00004343      0x286 build/uart.o
                                0xa82 (size before relaxing)
 .debug_str     0x000045c9      0x107 build/varie.o
                                0x4c4 (size before relaxing)
 .debug_str     0x000046d0       0xae build/i2c.o
                                0xb39 (size before relaxing)
 .debug_str     0x0000477e       0x4b build/delay.o
                                0x5ff (size before relaxing)
 .debug_str     0x000047c9      0x460 build/application.o
                                0x874 (size before relaxing)
 .debug_str     0x00004c29      0x247 build/main.o
                               0x1222 (size before relaxing)
 .debug_str     0x00004e70       0x47 build/stm32f1xx_hal_msp.o
                                0xf9e (size before relaxing)
 .debug_str     0x00004eb7      0x289 build/hd44780.o
                                0x980 (size before relaxing)
 .debug_str     0x00005140      0x125 build/eeprom.o
                                0x3e6 (size before relaxing)
 .debug_str     0x00005265       0x1f build/pcf8574.o
                                0x669 (size before relaxing)

.comment        0x00000000       0x6e
 .comment       0x00000000       0x6e build/stm32f1xx_hal_adc.o
                                 0x6f (size before relaxing)
 .comment       0x0000006e       0x6f build/stm32f1xx_hal_tim_ex.o
 .comment       0x0000006e       0x6f build/stm32f1xx_hal_cortex.o
 .comment       0x0000006e       0x6f build/stm32f1xx_hal_gpio.o
 .comment       0x0000006e       0x6f build/system_stm32f1xx.o
 .comment       0x0000006e       0x6f build/stm32f1xx_hal_tim.o
 .comment       0x0000006e       0x6f build/stm32f1xx_it.o
 .comment       0x0000006e       0x6f build/stm32f1xx_hal_rcc.o
 .comment       0x0000006e       0x6f build/stm32f1xx_hal_dma.o
 .comment       0x0000006e       0x6f build/stm32f1xx_hal.o
 .comment       0x0000006e       0x6f build/stm32f1xx_hal_i2c.o
 .comment       0x0000006e       0x6f build/stm32f1xx_hal_rcc_ex.o
 .comment       0x0000006e       0x6f build/stm32f1xx_hal_flash_ex.o
 .comment       0x0000006e       0x6f build/stm32f1xx_hal_flash.o
 .comment       0x0000006e       0x6f build/stm32f1xx_hal_iwdg.o
 .comment       0x0000006e       0x6f build/ADC_L.o
 .comment       0x0000006e       0x6f build/ADC_R.o
 .comment       0x0000006e       0x6f build/pid.o
 .comment       0x0000006e       0x6f build/motor_L.o
 .comment       0x0000006e       0x6f build/motor_R.o
 .comment       0x0000006e       0x6f build/uart.o
 .comment       0x0000006e       0x6f build/varie.o
 .comment       0x0000006e       0x6f build/i2c.o
 .comment       0x0000006e       0x6f build/delay.o
 .comment       0x0000006e       0x6f build/application.o
 .comment       0x0000006e       0x6f build/main.o
 .comment       0x0000006e       0x6f build/stm32f1xx_hal_msp.o
 .comment       0x0000006e       0x6f build/hd44780.o
 .comment       0x0000006e       0x6f build/eeprom.o
 .comment       0x0000006e       0x6f build/pcf8574.o

.debug_frame    0x00000000     0x3ae8
 .debug_frame   0x00000000      0x334 build/stm32f1xx_hal_adc.o
 .debug_frame   0x00000334      0x440 build/stm32f1xx_hal_tim_ex.o
 .debug_frame   0x00000774      0x134 build/stm32f1xx_hal_cortex.o
 .debug_frame   0x000008a8       0xd4 build/stm32f1xx_hal_gpio.o
 .debug_frame   0x0000097c       0x30 build/system_stm32f1xx.o
 .debug_frame   0x000009ac      0xb08 build/stm32f1xx_hal_tim.o
 .debug_frame   0x000014b4      0x220 build/stm32f1xx_it.o
 .debug_frame   0x000016d4      0x170 build/stm32f1xx_hal_rcc.o
 .debug_frame   0x00001844      0x128 build/stm32f1xx_hal_dma.o
 .debug_frame   0x0000196c      0x174 build/stm32f1xx_hal.o
 .debug_frame   0x00001ae0      0x808 build/stm32f1xx_hal_i2c.o
 .debug_frame   0x000022e8       0x74 build/stm32f1xx_hal_rcc_ex.o
 .debug_frame   0x0000235c      0x1c8 build/stm32f1xx_hal_flash_ex.o
 .debug_frame   0x00002524      0x150 build/stm32f1xx_hal_flash.o
 .debug_frame   0x00002674       0x8c build/stm32f1xx_hal_iwdg.o
 .debug_frame   0x00002700       0xb0 build/ADC_L.o
 .debug_frame   0x000027b0      0x120 build/ADC_R.o
 .debug_frame   0x000028d0       0xf0 build/pid.o
 .debug_frame   0x000029c0      0x21c build/motor_L.o
 .debug_frame   0x00002bdc      0x218 build/motor_R.o
 .debug_frame   0x00002df4       0xa4 build/uart.o
 .debug_frame   0x00002e98      0x1f4 build/varie.o
 .debug_frame   0x0000308c       0xb8 build/i2c.o
 .debug_frame   0x00003144       0xa4 build/delay.o
 .debug_frame   0x000031e8      0x274 build/application.o
 .debug_frame   0x0000345c       0xd0 build/main.o
 .debug_frame   0x0000352c      0x12c build/stm32f1xx_hal_msp.o
 .debug_frame   0x00003658      0x2e4 build/hd44780.o
 .debug_frame   0x0000393c      0x100 build/eeprom.o
 .debug_frame   0x00003a3c       0x80 build/pcf8574.o
 .debug_frame   0x00003abc       0x2c /home/niklas/gcc-arm-none-eabi-5_4-2016q3/bin/../lib/gcc/arm-none-eabi/5.4.1/../../../../arm-none-eabi/lib/armv7-m/libc_nano.a(lib_a-init.o)

Cross Reference Table

Symbol                                            File
ADC1_2_IRQHandler                                 build/startup_stm32f103xe.o
ADC3_IRQHandler                                   build/startup_stm32f103xe.o
ADC_BATTERY                                       build/ADC_R.o
                                                  build/application.o
ADC_ConversionStop_Disable                        build/stm32f1xx_hal_adc.o
                                                  build/stm32f1xx_hal_adc_ex.o
ADC_DMAConvCplt                                   build/stm32f1xx_hal_adc.o
                                                  build/stm32f1xx_hal_adc_ex.o
ADC_DMAError                                      build/stm32f1xx_hal_adc.o
                                                  build/stm32f1xx_hal_adc_ex.o
ADC_DMAHalfConvCplt                               build/stm32f1xx_hal_adc.o
                                                  build/stm32f1xx_hal_adc_ex.o
ADC_Enable                                        build/stm32f1xx_hal_adc.o
                                                  build/stm32f1xx_hal_adc_ex.o
ADC_L_ResetFlag                                   build/ADC_L.o
ADC_L_callback                                    build/ADC_L.o
                                                  build/main.o
ADC_L_init                                        build/ADC_L.o
                                                  build/main.o
ADC_MOTOR_LEFT                                    build/ADC_L.o
                                                  build/application.o
ADC_MOTOR_LEFT_IS_CONV                            build/ADC_L.o
ADC_MOTOR_RIGHT                                   build/ADC_R.o
                                                  build/application.o
ADC_MOTOR_RIGHT_IS_CONV                           build/ADC_R.o
ADC_PA2                                           build/ADC_R.o
                                                  build/main.o
ADC_PA3                                           build/ADC_R.o
                                                  build/main.o
ADC_R_ResetFlag                                   build/ADC_R.o
ADC_R_callback                                    build/ADC_R.o
                                                  build/main.o
ADC_R_init                                        build/ADC_R.o
                                                  build/main.o
AHBPrescTable                                     build/system_stm32f1xx.o
                                                  build/stm32f1xx_hal_rcc.o
APBPrescTable                                     build/system_stm32f1xx.o
                                                  build/stm32f1xx_hal_rcc.o
Battery_TASK                                      build/application.o
                                                  build/main.o
Battery_power                                     build/application.o
BusFault_Handler                                  build/stm32f1xx_it.o
Button_init                                       build/varie.o
                                                  build/main.o
Buzzer_OneBeep                                    build/varie.o
                                                  build/main.o
Buzzer_OneLongBeep                                build/varie.o
                                                  build/main.o
                                                  build/application.o
Buzzer_OneShortBeep                               build/varie.o
                                                  build/application.o
Buzzer_Set                                        build/varie.o
Buzzer_TwoBeep                                    build/varie.o
                                                  build/main.o
Buzzer_init                                       build/varie.o
                                                  build/main.o
CAN1_RX1_IRQHandler                               build/startup_stm32f103xe.o
CAN1_SCE_IRQHandler                               build/startup_stm32f103xe.o
Console_Log                                       build/uart.o
Current_Motor_TASK                                build/application.o
DMA1_Channel1_IRQHandler                          build/stm32f1xx_it.o
DMA1_Channel2_IRQHandler                          build/stm32f1xx_it.o
DMA1_Channel3_IRQHandler                          build/stm32f1xx_it.o
DMA1_Channel4_IRQHandler                          build/startup_stm32f103xe.o
DMA1_Channel5_IRQHandler                          build/startup_stm32f103xe.o
DMA1_Channel6_IRQHandler                          build/startup_stm32f103xe.o
DMA1_Channel7_IRQHandler                          build/startup_stm32f103xe.o
DMA2_Channel1_IRQHandler                          build/startup_stm32f103xe.o
DMA2_Channel2_IRQHandler                          build/startup_stm32f103xe.o
DMA2_Channel3_IRQHandler                          build/startup_stm32f103xe.o
DMA2_Channel4_5_IRQHandler                        build/stm32f1xx_it.o
DataVar                                           build/eeprom.o
DebugMon_Handler                                  build/stm32f1xx_it.o
DebugPin4_OFF                                     build/varie.o
DebugPin4_ON                                      build/varie.o
DebugPin5_OFF                                     build/varie.o
DebugPin5_ON                                      build/varie.o
DebugPin_init                                     build/varie.o
Default_Handler                                   build/startup_stm32f103xe.o
Delay_ms                                          build/delay.o
Delay_us                                          build/delay.o
                                                  build/varie.o
EE_Init                                           build/eeprom.o
                                                  build/main.o
EE_ReadVariable                                   build/eeprom.o
                                                  build/main.o
EE_WriteVariable                                  build/eeprom.o
                                                  build/main.o
EXTI0_IRQHandler                                  build/startup_stm32f103xe.o
EXTI15_10_IRQHandler                              build/stm32f1xx_it.o
EXTI1_IRQHandler                                  build/startup_stm32f103xe.o
EXTI2_IRQHandler                                  build/startup_stm32f103xe.o
EXTI3_IRQHandler                                  build/startup_stm32f103xe.o
EXTI4_IRQHandler                                  build/startup_stm32f103xe.o
EXTI9_5_IRQHandler                                build/stm32f1xx_it.o
Error_Handler                                     build/main.o
                                                  build/stm32f1xx_hal_msp.o
                                                  build/i2c.o
                                                  build/uart.o
                                                  build/pid.o
                                                  build/ADC_R.o
                                                  build/ADC_L.o
FLASH_IRQHandler                                  build/startup_stm32f103xe.o
FLASH_PageErase                                   build/stm32f1xx_hal_flash_ex.o
                                                  build/stm32f1xx_hal_flash.o
FLASH_WaitForLastOperation                        build/stm32f1xx_hal_flash.o
                                                  build/stm32f1xx_hal_flash_ex.o
FSMC_IRQHandler                                   build/startup_stm32f103xe.o
GET_BATTERY_VOLT                                  build/ADC_R.o
GET_BatteryAverage                                build/application.o
                                                  build/main.o
GET_MOTOR_L_AMP                                   build/ADC_L.o
GET_MOTOR_R_AMP                                   build/ADC_R.o
HALL_L_ISR_Callback                               build/motor_L.o
                                                  build/stm32f1xx_it.o
HALL_R_ISR_Callback                               build/motor_R.o
                                                  build/stm32f1xx_it.o
HAL_ADCEx_Calibration_Start                       build/stm32f1xx_hal_adc_ex.o
HAL_ADCEx_InjectedConfigChannel                   build/stm32f1xx_hal_adc_ex.o
HAL_ADCEx_InjectedConvCpltCallback                build/stm32f1xx_hal_adc_ex.o
                                                  build/stm32f1xx_hal_adc.o
HAL_ADCEx_InjectedGetValue                        build/stm32f1xx_hal_adc_ex.o
HAL_ADCEx_InjectedPollForConversion               build/stm32f1xx_hal_adc_ex.o
HAL_ADCEx_InjectedStart                           build/stm32f1xx_hal_adc_ex.o
HAL_ADCEx_InjectedStart_IT                        build/stm32f1xx_hal_adc_ex.o
HAL_ADCEx_InjectedStop                            build/stm32f1xx_hal_adc_ex.o
HAL_ADCEx_InjectedStop_IT                         build/stm32f1xx_hal_adc_ex.o
HAL_ADCEx_MultiModeConfigChannel                  build/stm32f1xx_hal_adc_ex.o
HAL_ADCEx_MultiModeGetValue                       build/stm32f1xx_hal_adc_ex.o
HAL_ADCEx_MultiModeStart_DMA                      build/stm32f1xx_hal_adc_ex.o
HAL_ADCEx_MultiModeStop_DMA                       build/stm32f1xx_hal_adc_ex.o
HAL_ADC_AnalogWDGConfig                           build/stm32f1xx_hal_adc.o
HAL_ADC_ConfigChannel                             build/stm32f1xx_hal_adc.o
                                                  build/ADC_R.o
                                                  build/ADC_L.o
HAL_ADC_ConvCpltCallback                          build/main.o
                                                  build/stm32f1xx_hal_adc.o
HAL_ADC_ConvHalfCpltCallback                      build/stm32f1xx_hal_adc.o
HAL_ADC_DeInit                                    build/stm32f1xx_hal_adc.o
HAL_ADC_ErrorCallback                             build/stm32f1xx_hal_adc.o
HAL_ADC_GetError                                  build/stm32f1xx_hal_adc.o
HAL_ADC_GetState                                  build/stm32f1xx_hal_adc.o
HAL_ADC_GetValue                                  build/stm32f1xx_hal_adc.o
HAL_ADC_IRQHandler                                build/stm32f1xx_hal_adc.o
HAL_ADC_Init                                      build/stm32f1xx_hal_adc.o
                                                  build/ADC_R.o
                                                  build/ADC_L.o
HAL_ADC_LevelOutOfWindowCallback                  build/stm32f1xx_hal_adc.o
HAL_ADC_MspDeInit                                 build/stm32f1xx_hal_msp.o
                                                  build/stm32f1xx_hal_adc.o
HAL_ADC_MspInit                                   build/stm32f1xx_hal_msp.o
                                                  build/stm32f1xx_hal_adc.o
HAL_ADC_PollForConversion                         build/stm32f1xx_hal_adc.o
HAL_ADC_PollForEvent                              build/stm32f1xx_hal_adc.o
HAL_ADC_Start                                     build/stm32f1xx_hal_adc.o
                                                  build/ADC_R.o
                                                  build/ADC_L.o
                                                  build/stm32f1xx_it.o
HAL_ADC_Start_DMA                                 build/stm32f1xx_hal_adc.o
                                                  build/ADC_R.o
                                                  build/ADC_L.o
HAL_ADC_Start_IT                                  build/stm32f1xx_hal_adc.o
HAL_ADC_Stop                                      build/stm32f1xx_hal_adc.o
HAL_ADC_Stop_DMA                                  build/stm32f1xx_hal_adc.o
HAL_ADC_Stop_IT                                   build/stm32f1xx_hal_adc.o
HAL_DBGMCU_DisableDBGSleepMode                    build/stm32f1xx_hal.o
HAL_DBGMCU_DisableDBGStandbyMode                  build/stm32f1xx_hal.o
HAL_DBGMCU_DisableDBGStopMode                     build/stm32f1xx_hal.o
HAL_DBGMCU_EnableDBGSleepMode                     build/stm32f1xx_hal.o
HAL_DBGMCU_EnableDBGStandbyMode                   build/stm32f1xx_hal.o
HAL_DBGMCU_EnableDBGStopMode                      build/stm32f1xx_hal.o
HAL_DMA_Abort                                     build/stm32f1xx_hal_dma.o
                                                  build/stm32f1xx_hal_uart.o
                                                  build/stm32f1xx_hal_adc_ex.o
                                                  build/stm32f1xx_hal_tim.o
                                                  build/stm32f1xx_hal_adc.o
HAL_DMA_DeInit                                    build/stm32f1xx_hal_dma.o
                                                  build/stm32f1xx_hal_msp.o
HAL_DMA_GetError                                  build/stm32f1xx_hal_dma.o
HAL_DMA_GetState                                  build/stm32f1xx_hal_dma.o
HAL_DMA_IRQHandler                                build/stm32f1xx_hal_dma.o
                                                  build/stm32f1xx_it.o
HAL_DMA_Init                                      build/stm32f1xx_hal_dma.o
                                                  build/stm32f1xx_hal_msp.o
HAL_DMA_PollForTransfer                           build/stm32f1xx_hal_dma.o
HAL_DMA_Start                                     build/stm32f1xx_hal_dma.o
HAL_DMA_Start_IT                                  build/stm32f1xx_hal_dma.o
                                                  build/stm32f1xx_hal_i2c.o
                                                  build/stm32f1xx_hal_uart.o
                                                  build/stm32f1xx_hal_adc_ex.o
                                                  build/stm32f1xx_hal_tim.o
                                                  build/stm32f1xx_hal_tim_ex.o
                                                  build/stm32f1xx_hal_adc.o
HAL_DeInit                                        build/stm32f1xx_hal.o
HAL_Delay                                         build/stm32f1xx_hal.o
                                                  build/hd44780.o
                                                  build/main.o
                                                  build/application.o
                                                  build/i2c.o
                                                  build/varie.o
                                                  build/stm32f1xx_hal_rcc.o
HAL_FLASHEx_Erase                                 build/stm32f1xx_hal_flash_ex.o
                                                  build/eeprom.o
HAL_FLASHEx_Erase_IT                              build/stm32f1xx_hal_flash_ex.o
HAL_FLASHEx_OBErase                               build/stm32f1xx_hal_flash_ex.o
HAL_FLASHEx_OBGetConfig                           build/stm32f1xx_hal_flash_ex.o
HAL_FLASHEx_OBGetUserData                         build/stm32f1xx_hal_flash_ex.o
HAL_FLASHEx_OBProgram                             build/stm32f1xx_hal_flash_ex.o
HAL_FLASH_EndOfOperationCallback                  build/stm32f1xx_hal_flash.o
HAL_FLASH_GetError                                build/stm32f1xx_hal_flash.o
HAL_FLASH_IRQHandler                              build/stm32f1xx_hal_flash.o
HAL_FLASH_Lock                                    build/stm32f1xx_hal_flash.o
HAL_FLASH_OB_Launch                               build/stm32f1xx_hal_flash.o
HAL_FLASH_OB_Lock                                 build/stm32f1xx_hal_flash.o
HAL_FLASH_OB_Unlock                               build/stm32f1xx_hal_flash.o
HAL_FLASH_OperationErrorCallback                  build/stm32f1xx_hal_flash.o
HAL_FLASH_Program                                 build/stm32f1xx_hal_flash.o
                                                  build/eeprom.o
HAL_FLASH_Program_IT                              build/stm32f1xx_hal_flash.o
HAL_FLASH_Unlock                                  build/stm32f1xx_hal_flash.o
                                                  build/main.o
HAL_GPIOEx_ConfigEventout                         build/stm32f1xx_hal_gpio_ex.o
HAL_GPIOEx_DisableEventout                        build/stm32f1xx_hal_gpio_ex.o
HAL_GPIOEx_EnableEventout                         build/stm32f1xx_hal_gpio_ex.o
HAL_GPIO_DeInit                                   build/stm32f1xx_hal_gpio.o
                                                  build/stm32f1xx_hal_msp.o
HAL_GPIO_EXTI_Callback                            build/stm32f1xx_hal_gpio.o
HAL_GPIO_EXTI_IRQHandler                          build/stm32f1xx_hal_gpio.o
HAL_GPIO_Init                                     build/stm32f1xx_hal_gpio.o
                                                  build/stm32f1xx_hal_msp.o
                                                  build/varie.o
                                                  build/motor_R.o
                                                  build/motor_L.o
                                                  build/stm32f1xx_hal_rcc.o
HAL_GPIO_LockPin                                  build/stm32f1xx_hal_gpio.o
HAL_GPIO_ReadPin                                  build/stm32f1xx_hal_gpio.o
                                                  build/varie.o
HAL_GPIO_TogglePin                                build/stm32f1xx_hal_gpio.o
HAL_GPIO_WritePin                                 build/stm32f1xx_hal_gpio.o
                                                  build/varie.o
HAL_GetDEVID                                      build/stm32f1xx_hal.o
HAL_GetHalVersion                                 build/stm32f1xx_hal.o
HAL_GetREVID                                      build/stm32f1xx_hal.o
HAL_GetTick                                       build/stm32f1xx_hal.o
                                                  build/hd44780.o
                                                  build/main.o
                                                  build/application.o
                                                  build/i2c.o
                                                  build/pid.o
                                                  build/stm32f1xx_hal_iwdg.o
                                                  build/stm32f1xx_hal_flash.o
                                                  build/stm32f1xx_hal_rcc_ex.o
                                                  build/stm32f1xx_hal_i2c.o
                                                  build/stm32f1xx_hal_uart.o
                                                  build/stm32f1xx_hal_dma.o
                                                  build/stm32f1xx_hal_rcc.o
                                                  build/stm32f1xx_hal_adc_ex.o
                                                  build/stm32f1xx_hal_adc.o
HAL_HalfDuplex_EnableReceiver                     build/stm32f1xx_hal_uart.o
HAL_HalfDuplex_EnableTransmitter                  build/stm32f1xx_hal_uart.o
HAL_HalfDuplex_Init                               build/stm32f1xx_hal_uart.o
HAL_I2C_DeInit                                    build/stm32f1xx_hal_i2c.o
                                                  build/pcf8574.o